 addon

 Timestamp is 5cd09baa (Mon May  6 13:40:10 2019)

 Preferred load address is 0000000180000000

 Start         Length     Name                   Class
 0001:00000000 0000b100H .text$mn                CODE
 0001:0000b100 000000e0H .text$mn$00             CODE
 0001:0000b1e0 00000260H .text$x                 CODE
 0002:00000000 00000298H .idata$5                DATA
 0002:00000298 00000020H .00cfg                  DATA
 0002:000002b8 00000008H .CRT$XCA                DATA
 0002:000002c0 00000008H .CRT$XCU                DATA
 0002:000002c8 00000008H .CRT$XCZ                DATA
 0002:000002d0 00000008H .CRT$XIA                DATA
 0002:000002d8 00000018H .CRT$XIC                DATA
 0002:000002f0 00000008H .CRT$XIZ                DATA
 0002:000002f8 00000008H .CRT$XPA                DATA
 0002:00000300 00000010H .CRT$XPX                DATA
 0002:00000310 00000008H .CRT$XPXA               DATA
 0002:00000318 00000008H .CRT$XPZ                DATA
 0002:00000320 00000008H .CRT$XTA                DATA
 0002:00000328 00000008H .CRT$XTZ                DATA
 0002:00000330 00000000H .gfids$y                DATA
 0002:00000330 000071b0H .rdata                  DATA
 0002:000074e0 000002fcH .rdata$r                DATA
 0002:000077dc 0000034cH .rdata$zzzdbg           DATA
 0002:00007b28 00000008H .rtc$IAA                DATA
 0002:00007b30 00000008H .rtc$IZZ                DATA
 0002:00007b38 00000008H .rtc$TAA                DATA
 0002:00007b40 00000008H .rtc$TZZ                DATA
 0002:00007b48 00000ca0H .xdata                  DATA
 0002:000087e8 00000188H .xdata$x                DATA
 0002:00008970 00000050H .edata                  DATA
 0002:000089c0 00000028H .idata$2                DATA
 0002:000089e8 00000018H .idata$3                DATA
 0002:00008a00 00000298H .idata$4                DATA
 0002:00008c98 00000870H .idata$6                DATA
 0003:00000000 00000920H .data                   DATA
 0003:00000920 000000f0H .data$r                 DATA
 0003:00000a10 000011b8H .bss                    DATA
 0004:00000000 00000ee8H .pdata                  DATA
 0005:00000000 00000060H .rsrc$01                DATA
 0005:00000060 00000180H .rsrc$02                DATA

  Address         Publics by Value              Rva+Base               Lib:Object

 0000:00000000       __guard_iat_count          0000000000000000     <absolute>
 0000:00000000       __dynamic_value_reloc_table 0000000000000000     <absolute>
 0000:00000000       __hybrid_code_map          0000000000000000     <absolute>
 0000:00000000       __hybrid_code_map_count    0000000000000000     <absolute>
 0000:00000000       __guard_iat_table          0000000000000000     <absolute>
 0000:00000000       __guard_longjmp_table      0000000000000000     <absolute>
 0000:00000000       __guard_longjmp_count      0000000000000000     <absolute>
 0000:00000000       __hybrid_auxiliary_iat     0000000000000000     <absolute>
 0000:00000000       __guard_fids_count         0000000000000000     <absolute>
 0000:00000000       __enclave_config           0000000000000000     <absolute>
 0000:00000000       ___safe_se_handler_table   0000000000000000     <absolute>
 0000:00000000       ___safe_se_handler_count   0000000000000000     <absolute>
 0000:00000000       __guard_fids_table         0000000000000000     <absolute>
 0000:00000100       __guard_flags              0000000000000100     <absolute>
 0000:00000000       __ImageBase                0000000180000000     <linker-defined>
 0001:00000000       ?renderHeatmap@demo@@YAXAEBV?$FunctionCallbackInfo@VValue@v8@@@v8@@@Z 0000000180001000 f   map.obj
 0001:000007f0       ?init@demo@@YAXV?$Local@VObject@v8@@@v8@@@Z 00000001800017f0 f   map.obj
 0001:000008c0       ??0?$vector@V?$vector@HV?$allocator@H@std@@@std@@V?$allocator@V?$vector@HV?$allocator@H@std@@@std@@@2@@std@@QEAA@_KAEBV?$vector@HV?$allocator@H@std@@@1@AEBV?$allocator@V?$vector@HV?$allocator@H@std@@@std@@@1@@Z 00000001800018c0 f i map.obj
 0001:00000a00       ?_Tidy@?$vector@V?$vector@HV?$allocator@H@std@@@std@@V?$allocator@V?$vector@HV?$allocator@H@std@@@std@@@2@@std@@AEAAXXZ 0000000180001a00 f i map.obj
 0001:00000b10       ?_Buy@?$vector@HV?$allocator@H@std@@@std@@AEAA_N_K@Z 0000000180001b10 f i map.obj
 0001:00000bc0       ?_Xlength@?$vector@HV?$allocator@H@std@@@std@@CAXXZ 0000000180001bc0 f i map.obj
 0001:00000bc0       ?_Xlength@?$vector@V?$vector@HV?$allocator@H@std@@@std@@V?$allocator@V?$vector@HV?$allocator@H@std@@@std@@@2@@std@@CAXXZ 0000000180001bc0 f i map.obj
 0001:00000be0       ?_Xlen@?$basic_string@DU?$char_traits@D@std@@V?$allocator@D@2@@std@@SAXXZ 0000000180001be0 f i map.obj
 0001:00000c00       ?_Construct@?$basic_string@DU?$char_traits@D@std@@V?$allocator@D@2@@std@@QEAAXQEAD0Urandom_access_iterator_tag@2@@Z 0000000180001c00 f i map.obj
 0001:00000d64       ??0bad_alloc@std@@QEAA@AEBV01@@Z 0000000180001d64 f i libcpmt:xthrow.obj
 0001:00000da4       ??0bad_alloc@std@@QEAA@XZ  0000000180001da4 f i libcpmt:xthrow.obj
 0001:00000dc4       ??0exception@std@@QEAA@AEBV01@@Z 0000000180001dc4 f i libcpmt:xthrow.obj
 0001:00000dfc       ??0length_error@std@@QEAA@AEBV01@@Z 0000000180001dfc f i libcpmt:xthrow.obj
 0001:00000e3c       ??0length_error@std@@QEAA@PEBD@Z 0000000180001e3c f i libcpmt:xthrow.obj
 0001:00000e88       ??0logic_error@std@@QEAA@AEBV01@@Z 0000000180001e88 f i libcpmt:xthrow.obj
 0001:00000ec8       ??1bad_alloc@std@@UEAA@XZ  0000000180001ec8 f i libcpmt:xthrow.obj
 0001:00000ec8       ??1length_error@std@@UEAA@XZ 0000000180001ec8 f i libcpmt:xthrow.obj
 0001:00000ec8       ??1bad_array_new_length@std@@UEAA@XZ 0000000180001ec8 f i LIBCMT:throw_bad_alloc.obj
 0001:00000edc       ??_Gbad_alloc@std@@UEAAPEAXI@Z 0000000180001edc f i libcpmt:xthrow.obj
 0001:00000edc       ??_Glength_error@std@@UEAAPEAXI@Z 0000000180001edc f i libcpmt:xthrow.obj
 0001:00000edc       ??_Gexception@std@@UEAAPEAXI@Z 0000000180001edc f i libcpmt:xthrow.obj
 0001:00000edc       ??_Elength_error@std@@UEAAPEAXI@Z 0000000180001edc f i libcpmt:xthrow.obj
 0001:00000edc       ??_Ebad_array_new_length@std@@UEAAPEAXI@Z 0000000180001edc f i LIBCMT:throw_bad_alloc.obj
 0001:00000edc       ??_Elogic_error@std@@UEAAPEAXI@Z 0000000180001edc f i libcpmt:xthrow.obj
 0001:00000edc       ??_Ebad_alloc@std@@UEAAPEAXI@Z 0000000180001edc f i libcpmt:xthrow.obj
 0001:00000edc       ??_Gbad_array_new_length@std@@UEAAPEAXI@Z 0000000180001edc f i LIBCMT:throw_bad_alloc.obj
 0001:00000edc       ??_Glogic_error@std@@UEAAPEAXI@Z 0000000180001edc f i libcpmt:xthrow.obj
 0001:00000edc       ??_Eexception@std@@UEAAPEAXI@Z 0000000180001edc f i libcpmt:xthrow.obj
 0001:00000f20       ?_Xlength_error@std@@YAXPEBD@Z 0000000180001f20 f   libcpmt:xthrow.obj
 0001:00000f44       ?what@exception@std@@UEBAPEBDXZ 0000000180001f44 f i libcpmt:xthrow.obj
 0001:00000f70       __security_check_cookie    0000000180001f70 f   LIBCMT:_amdsecgs_.obj
 0001:00000f94       ??2@YAPEAX_K@Z             0000000180001f94 f   LIBCMT:new_scalar.obj
 0001:00000fd0       ??3@YAXPEAX_K@Z            0000000180001fd0 f   LIBCMT:delete_scalar_size.obj
 0001:0000131c       _DllMainCRTStartup         000000018000231c f   LIBCMT:dll_dllmain.obj
 0001:0000135c       ??_Gtype_info@@UEAAPEAXI@Z 000000018000235c f i LIBCMT:std_type_info_static.obj
 0001:0000135c       ??_Etype_info@@UEAAPEAXI@Z 000000018000235c f i LIBCMT:std_type_info_static.obj
 0001:00001388       __raise_securityfailure    0000000180002388 f   LIBCMT:gs_report.obj
 0001:000013bc       __report_gsfailure         00000001800023bc f   LIBCMT:gs_report.obj
 0001:00001490       __report_rangecheckfailure 0000000180002490 f   LIBCMT:gs_report.obj
 0001:000014a4       __report_securityfailure   00000001800024a4 f   LIBCMT:gs_report.obj
 0001:00001624       ??0bad_array_new_length@std@@QEAA@AEBV01@@Z 0000000180002624 f i LIBCMT:throw_bad_alloc.obj
 0001:00001664       ??0bad_array_new_length@std@@QEAA@XZ 0000000180002664 f i LIBCMT:throw_bad_alloc.obj
 0001:00001684       ?__scrt_throw_std_bad_alloc@@YAXXZ 0000000180002684 f   LIBCMT:throw_bad_alloc.obj
 0001:000016a4       ?__scrt_throw_std_bad_array_new_length@@YAXXZ 00000001800026a4 f   LIBCMT:throw_bad_alloc.obj
 0001:000016c4       ??3@YAXPEAX@Z              00000001800026c4 f   LIBCMT:delete_scalar.obj
 0001:000016cc       __security_init_cookie     00000001800026cc f   LIBCMT:gs_support.obj
 0001:0000177c       _get_startup_argv_mode     000000018000277c f   LIBCMT:argv_mode.obj
 0001:0000177c       DllMain                    000000018000277c f   LIBCMT:dll_dllmain_stub.obj
 0001:00001784       ?__scrt_initialize_type_info@@YAXXZ 0000000180002784 f   LIBCMT:tncleanup.obj
 0001:00001794       ?__scrt_uninitialize_type_info@@YAXXZ 0000000180002794 f   LIBCMT:tncleanup.obj
 0001:000017a0       __local_stdio_printf_options 00000001800027a0 f i LIBCMT:default_local_stdio_options.obj
 0001:000017a8       __local_stdio_scanf_options 00000001800027a8 f i LIBCMT:default_local_stdio_options.obj
 0001:000017b0       __scrt_initialize_default_local_stdio_options 00000001800027b0 f   LIBCMT:default_local_stdio_options.obj
 0001:000017cc       __scrt_acquire_startup_lock 00000001800027cc f   LIBCMT:utility.obj
 0001:00001808       __scrt_dllmain_after_initialize_c 0000000180002808 f   LIBCMT:utility.obj
 0001:0000183c       __scrt_dllmain_before_initialize_c 000000018000283c f   LIBCMT:utility.obj
 0001:00001854       __scrt_dllmain_crt_thread_attach 0000000180002854 f   LIBCMT:utility.obj
 0001:0000187c       __scrt_dllmain_crt_thread_detach 000000018000287c f   LIBCMT:utility.obj
 0001:00001894       __scrt_dllmain_exception_filter 0000000180002894 f   LIBCMT:utility.obj
 0001:000018f8       __scrt_dllmain_uninitialize_c 00000001800028f8 f   LIBCMT:utility.obj
 0001:00001928       __scrt_dllmain_uninitialize_critical 0000000180002928 f   LIBCMT:utility.obj
 0001:0000193c       __scrt_initialize_crt      000000018000293c f   LIBCMT:utility.obj
 0001:00001988       __scrt_initialize_onexit_tables 0000000180002988 f   LIBCMT:utility.obj
 0001:00001a68       __scrt_is_nonwritable_in_current_image 0000000180002a68 f   LIBCMT:utility.obj
 0001:00001b04       __scrt_release_startup_lock 0000000180002b04 f   LIBCMT:utility.obj
 0001:00001b28       __scrt_uninitialize_crt    0000000180002b28 f   LIBCMT:utility.obj
 0001:00001b54       __scrt_get_dyn_tls_init_callback 0000000180002b54 f   LIBCMT:dyn_tls_init.obj
 0001:00001b5c       __crt_debugger_hook        0000000180002b5c f   LIBCMT:utility_desktop.obj
 0001:00001b64       __scrt_fastfail            0000000180002b64 f   LIBCMT:utility_desktop.obj
 0001:00001cb0       _RTC_Initialize            0000000180002cb0 f   LIBCMT:_initsect_.obj
 0001:00001cfc       _RTC_Terminate             0000000180002cfc f   LIBCMT:_initsect_.obj
 0001:00001d48       _guard_check_icall         0000000180002d48 f i LIBCMT:checkcfg.obj
 0001:00001d50       __isa_available_init       0000000180002d50 f   LIBCMT:_cpu_disp_.obj
 0001:00001f0c       __scrt_is_ucrt_dll_in_use  0000000180002f0c f   LIBCMT:ucrt_detection.obj
 0001:00001f18       _guard_check_icall_nop     0000000180002f18 f i LIBCMT:guard_support.obj
 0001:00001f30       memcpy                     0000000180002f30 f   libvcruntime:memcpy.obj
 0001:00001f30       memmove                    0000000180002f30 f   libvcruntime:memcpy.obj
 0001:00002378       __std_exception_copy       0000000180003378 f   libvcruntime:std_exception.obj
 0001:00002408       __std_exception_destroy    0000000180003408 f   libvcruntime:std_exception.obj
 0001:00002430       _CxxThrowException         0000000180003430 f   libvcruntime:throw.obj
 0001:00002508       __C_specific_handler       0000000180003508 f   libvcruntime:_riscchandler_.obj
 0001:00002714       __std_type_info_destroy_list 0000000180003714 f   libvcruntime:std_type_info.obj
 0001:00002740       __vcrt_initialize          0000000180003740 f   libvcruntime:initialization.obj
 0001:00002774       __vcrt_thread_attach       0000000180003774 f   libvcruntime:initialization.obj
 0001:00002788       __vcrt_thread_detach       0000000180003788 f   libvcruntime:initialization.obj
 0001:0000279c       __vcrt_uninitialize        000000018000379c f   libvcruntime:initialization.obj
 0001:000027bc       __vcrt_uninitialize_critical 00000001800037bc f   libvcruntime:initialization.obj
 0001:000027e0       memset                     00000001800037e0 f   libvcruntime:memset.obj
 0001:000029a0       _local_unwind              00000001800039a0 f   libvcruntime:_jmpuwind_.obj
 0001:000029d0       _NLG_Notify                00000001800039d0 f   libvcruntime:_jmpuwind_.obj
 0001:000029f0       __NLG_Dispatch2            00000001800039f0 f   libvcruntime:_jmpuwind_.obj
 0001:00002a00       __NLG_Return2              0000000180003a00 f   libvcruntime:_jmpuwind_.obj
 0001:00002a04       __except_validate_context_record 0000000180003a04 f   libvcruntime:jbcxrval.obj
 0001:00002a3c       __vcrt_freefls             0000000180003a3c f   libvcruntime:per_thread_data.obj
 0001:00002a5c       __vcrt_freeptd             0000000180003a5c f   libvcruntime:per_thread_data.obj
 0001:00002aac       __vcrt_getptd_noexit       0000000180003aac f   libvcruntime:per_thread_data.obj
 0001:00002b64       __vcrt_initialize_ptd      0000000180003b64 f   libvcruntime:per_thread_data.obj
 0001:00002bb8       __vcrt_uninitialize_ptd    0000000180003bb8 f   libvcruntime:per_thread_data.obj
 0001:00002bdc       __vcrt_initialize_locks    0000000180003bdc f   libvcruntime:locks.obj
 0001:00002c24       __vcrt_uninitialize_locks  0000000180003c24 f   libvcruntime:locks.obj
 0001:00002e34       __vcrt_FlsAlloc            0000000180003e34 f   libvcruntime:winapi_downlevel.obj
 0001:00002e88       __vcrt_FlsFree             0000000180003e88 f   libvcruntime:winapi_downlevel.obj
 0001:00002edc       __vcrt_FlsGetValue         0000000180003edc f   libvcruntime:winapi_downlevel.obj
 0001:00002f30       __vcrt_FlsSetValue         0000000180003f30 f   libvcruntime:winapi_downlevel.obj
 0001:00002f98       __vcrt_InitializeCriticalSectionEx 0000000180003f98 f   libvcruntime:winapi_downlevel.obj
 0001:00003010       __vcrt_initialize_winapi_thunks 0000000180004010 f   libvcruntime:winapi_downlevel.obj
 0001:00003054       __vcrt_uninitialize_winapi_thunks 0000000180004054 f   libvcruntime:winapi_downlevel.obj
 0001:00003094       __vcrt_initialize_pure_virtual_call_handler 0000000180004094 f   libvcruntime:purevirt_data.obj
 0001:000030d0       _CallSettingFrame          00000001800040d0 f   libvcruntime:handlers.obj
 0001:00003110       __DestructExceptionObject  0000000180004110 f   libvcruntime:ehhelpers.obj
 0001:00003194       ?_CallMemberFunction0@@YAXQEAX0@Z 0000000180004194 f i libvcruntime:ehhelpers.obj
 0001:00003198       __acrt_call_reportfault    0000000180004198 f   libucrt:invalid_parameter.obj
 0001:000032f4       __acrt_initialize_invalid_parameter_handler 00000001800042f4 f   libucrt:invalid_parameter.obj
 0001:000032fc       _invalid_parameter         00000001800042fc f   libucrt:invalid_parameter.obj
 0001:000033ac       _invalid_parameter_noinfo  00000001800043ac f   libucrt:invalid_parameter.obj
 0001:000033cc       _invalid_parameter_noinfo_noreturn 00000001800043cc f   libucrt:invalid_parameter.obj
 0001:000033fc       _invoke_watson             00000001800043fc f   libucrt:invalid_parameter.obj
 0001:00003444       ??0_LocaleUpdate@@QEAA@QEAU__crt_locale_pointers@@@Z 0000000180004444 f i libucrt:stricmp.obj
 0001:000034d4       __acrt_initialize_new_handler 00000001800044d4 f   libucrt:new_handler.obj
 0001:000034dc       _callnewh                  00000001800044dc f   libucrt:new_handler.obj
 0001:0000350c       _query_new_handler         000000018000450c f   libucrt:new_handler.obj
 0001:00003540       malloc                     0000000180004540 f   libucrt:malloc.obj
 0001:00003548       _initterm                  0000000180004548 f   libucrt:initterm.obj
 0001:000035ac       _initterm_e                00000001800045ac f   libucrt:initterm.obj
 0001:000035ec       free                       00000001800045ec f   libucrt:free.obj
 0001:00003600       _seh_filter_dll            0000000180004600 f   libucrt:exception_filter.obj
 0001:00003614       _seh_filter_exe            0000000180004614 f   libucrt:exception_filter.obj
 0001:00003a20       __acrt_initialize_thread_local_exit_callback 0000000180004a20 f   libucrt:exit.obj
 0001:00003a28       _cexit                     0000000180004a28 f   libucrt:exit.obj
 0001:00003a38       _exit                      0000000180004a38 f   libucrt:exit.obj
 0001:00003a44       _is_c_termination_complete 0000000180004a44 f   libucrt:exit.obj
 0001:00003c08       __acrt_allocate_buffer_for_argv 0000000180004c08 f   libucrt:argv_parsing.obj
 0001:00003c68       _configure_narrow_argv     0000000180004c68 f   libucrt:argv_parsing.obj
 0001:00003fe4       __dcrt_uninitialize_environments_nolock 0000000180004fe4 f   libucrt:environment_initialization.obj
 0001:0000401c       _initialize_narrow_environment 000000018000501c f   libucrt:environment_initialization.obj
 0001:000041ac       _execute_onexit_table      00000001800051ac f   libucrt:onexit.obj
 0001:000041e8       _initialize_onexit_table   00000001800051e8 f   libucrt:onexit.obj
 0001:00004260       __acrt_uninitialize_command_line 0000000180005260 f   libucrt:argv_data.obj
 0001:0000436c       __acrt_initialize          000000018000536c f   libucrt:initialization.obj
 0001:00004380       __acrt_thread_attach       0000000180005380 f   libucrt:initialization.obj
 0001:00004394       __acrt_thread_detach       0000000180005394 f   libucrt:initialization.obj
 0001:000043a4       __acrt_uninitialize        00000001800053a4 f   libucrt:initialization.obj
 0001:000043dc       __acrt_uninitialize_critical 00000001800053dc f   libucrt:initialization.obj
 0001:000043ec       terminate                  00000001800053ec f   libucrt:terminate.obj
 0001:0000440c       strcpy_s                   000000018000540c f   libucrt:strcpy_s.obj
 0001:0000446c       _free_base                 000000018000546c f   libucrt:free_base.obj
 0001:000044ac       _malloc_base               00000001800054ac f   libucrt:malloc_base.obj
 0001:00004520       strncmp                    0000000180005520 f   libucrt:strncmp.obj
 0001:000045a0       abort                      00000001800055a0 f   libucrt:abort.obj
 0001:000045f8       _calloc_base               00000001800055f8 f   libucrt:calloc_base.obj
 0001:00004670       wcsncmp                    0000000180005670 f   libucrt:wcsncmp.obj
 0001:00004a14       __acrt_freeptd             0000000180005a14 f   libucrt:per_thread_data.obj
 0001:00004a58       __acrt_getptd              0000000180005a58 f   libucrt:per_thread_data.obj
 0001:00004b24       __acrt_getptd_head         0000000180005b24 f   libucrt:per_thread_data.obj
 0001:00004bcc       __acrt_getptd_noexit       0000000180005bcc f   libucrt:per_thread_data.obj
 0001:00004c9c       __acrt_initialize_ptd      0000000180005c9c f   libucrt:per_thread_data.obj
 0001:00004cd8       __acrt_uninitialize_ptd    0000000180005cd8 f   libucrt:per_thread_data.obj
 0001:00004cfc       __acrt_errno_from_os_error 0000000180005cfc f   libucrt:errno.obj
 0001:00004d44       __acrt_errno_map_os_error  0000000180005d44 f   libucrt:errno.obj
 0001:00004d94       __doserrno                 0000000180005d94 f   libucrt:errno.obj
 0001:00004db4       _errno                     0000000180005db4 f   libucrt:errno.obj
 0001:00004dd4       __acrt_update_locale_info  0000000180005dd4 f   libucrt:locale_update.obj
 0001:00004e08       __acrt_update_multibyte_info 0000000180005e08 f   libucrt:locale_update.obj
 0001:00004eac       __acrt_set_locale_changed  0000000180005eac f   libucrt:wsetlocale.obj
 0001:00004eb8       __acrt_uninitialize_locale 0000000180005eb8 f   libucrt:wsetlocale.obj
 0001:00004ee8       __acrt_initialize_locks    0000000180005ee8 f   libucrt:locks.obj
 0001:00004f30       __acrt_lock                0000000180005f30 f   libucrt:locks.obj
 0001:00004f4c       __acrt_uninitialize_locks  0000000180005f4c f   libucrt:locks.obj
 0001:00004f84       __acrt_unlock              0000000180005f84 f   libucrt:locks.obj
 0001:00004fa0       __acrt_get_process_end_policy 0000000180005fa0 f   libucrt:win_policies.obj
 0001:00005540       __acrt_expand_narrow_argv_wildcards 0000000180006540 f   libucrt:argv_wildcards.obj
 0001:00005c88       __acrt_initialize_multibyte 0000000180006c88 f   libucrt:mbctype.obj
 0001:00005ce8       __acrt_update_thread_multibyte_data 0000000180006ce8 f   libucrt:mbctype.obj
 0001:00005d04       _setmbcp_nolock            0000000180006d04 f   libucrt:mbctype.obj
 0001:0000603c       _ismbblead                 000000018000703c f   libucrt:ismbbyte.obj
 0001:00006050       __acrt_initialize_command_line 0000000180007050 f   libucrt:argv_data.obj
 0001:00006078       __dcrt_get_narrow_environment_from_os 0000000180007078 f   libucrt:get_environment_from_os.obj
 0001:0000617c       _recalloc                  000000018000717c f   libucrt:recalloc.obj
 0001:00006184       _recalloc_base             0000000180007184 f   libucrt:recalloc.obj
 0001:000063f4       __acrt_AppPolicyGetProcessTerminationMethodInternal 00000001800073f4 f   libucrt:winapi_thunks.obj
 0001:00006444       __acrt_FlsAlloc            0000000180007444 f   libucrt:winapi_thunks.obj
 0001:0000648c       __acrt_FlsFree             000000018000748c f   libucrt:winapi_thunks.obj
 0001:000064d4       __acrt_FlsGetValue         00000001800074d4 f   libucrt:winapi_thunks.obj
 0001:0000651c       __acrt_FlsSetValue         000000018000751c f   libucrt:winapi_thunks.obj
 0001:00006570       __acrt_InitializeCriticalSectionEx 0000000180007570 f   libucrt:winapi_thunks.obj
 0001:000065d4       __acrt_LCMapStringEx       00000001800075d4 f   libucrt:winapi_thunks.obj
 0001:000066b0       __acrt_LocaleNameToLCID    00000001800076b0 f   libucrt:winapi_thunks.obj
 0001:00006700       __acrt_initialize_winapi_thunks 0000000180007700 f   libucrt:winapi_thunks.obj
 0001:00006748       __acrt_uninitialize_winapi_thunks 0000000180007748 f   libucrt:winapi_thunks.obj
 0001:0000678c       __acrt_initialize_heap     000000018000778c f   libucrt:heap_handle.obj
 0001:000067a8       __acrt_uninitialize_heap   00000001800077a8 f   libucrt:heap_handle.obj
 0001:0000699c       __acrt_initialize_lowio    000000018000799c f   libucrt:ioinit.obj
 0001:000069d8       __acrt_uninitialize_lowio  00000001800079d8 f   libucrt:ioinit.obj
 0001:00006a18       __acrt_execute_initializers 0000000180007a18 f   libucrt:shared_initialization.obj
 0001:00006a98       __acrt_execute_uninitializers 0000000180007a98 f   libucrt:shared_initialization.obj
 0001:00006b1c       __acrt_get_sigabrt_handler 0000000180007b1c f   libucrt:signal.obj
 0001:00006b4c       __acrt_initialize_signal_handlers 0000000180007b4c f   libucrt:signal.obj
 0001:00006b6c       raise                      0000000180007b6c f   libucrt:signal.obj
 0001:00006de0       __acrt_has_user_matherr    0000000180007de0 f   libucrt:matherr.obj
 0001:00006e00       __acrt_initialize_user_matherr 0000000180007e00 f   libucrt:matherr.obj
 0001:00006e08       __acrt_invoke_user_matherr 0000000180007e08 f   libucrt:matherr.obj
 0001:0000701c       __acrt_stdio_flush_nolock  000000018000801c f   libucrt:fflush.obj
 0001:00007098       _fflush_nolock             0000000180008098 f   libucrt:fflush.obj
 0001:000070e4       _flushall                  00000001800080e4 f   libucrt:fflush.obj
 0001:000070ec       __acrt_initialize_stdio    00000001800080ec f   libucrt:_file.obj
 0001:0000720c       __acrt_uninitialize_stdio  000000018000820c f   libucrt:_file.obj
 0001:00007268       _lock_file                 0000000180008268 f   libucrt:_file.obj
 0001:00007274       _unlock_file               0000000180008274 f   libucrt:_file.obj
 0001:00007280       _query_new_mode            0000000180008280 f   libucrt:new_mode.obj
 0001:00007288       _mbtowc_l                  0000000180008288 f   libucrt:mbtowc.obj
 0001:000073d0       mbtowc                     00000001800083d0 f   libucrt:mbtowc.obj
 0001:000073d8       _fileno                    00000001800083d8 f   libucrt:fileno.obj
 0001:00007400       __pctype_func              0000000180008400 f   libucrt:ctype.obj
 0001:00007430       __acrt_add_locale_ref      0000000180008430 f   libucrt:locale_refcounting.obj
 0001:000074bc       __acrt_free_locale         00000001800084bc f   libucrt:locale_refcounting.obj
 0001:00007634       __acrt_locale_add_lc_time_reference 0000000180008634 f   libucrt:locale_refcounting.obj
 0001:0000765c       __acrt_locale_free_lc_time_if_unreferenced 000000018000865c f   libucrt:locale_refcounting.obj
 0001:00007694       __acrt_locale_release_lc_time_reference 0000000180008694 f   libucrt:locale_refcounting.obj
 0001:000076bc       __acrt_release_locale_ref  00000001800086bc f   libucrt:locale_refcounting.obj
 0001:00007764       __acrt_update_thread_locale_data 0000000180008764 f   libucrt:locale_refcounting.obj
 0001:000077d4       _updatetlocinfoEx_nolock   00000001800087d4 f   libucrt:locale_refcounting.obj
 0001:0000783c       _isleadbyte_l              000000018000883c f i libucrt:_wctype.obj
 0001:00007b94       __acrt_LCMapStringA        0000000180008b94 f   libucrt:lcmapstringa.obj
 0001:00007c2c       __acrt_locale_free_monetary 0000000180008c2c f   libucrt:initmon.obj
 0001:00007d38       __acrt_locale_free_numeric 0000000180008d38 f   libucrt:initnum.obj
 0001:00007df8       __acrt_locale_free_time    0000000180008df8 f   libucrt:inittime.obj
 0001:00007f00       __acrt_GetStringTypeA      0000000180008f00 f   libucrt:getstringtypea.obj
 0001:00008090       qsort                      0000000180009090 f   libucrt:qsort.obj
 0001:00008440       strncpy_s                  0000000180009440 f   libucrt:strncpy_s.obj
 0001:000085c0       strpbrk                    00000001800095c0 f   libucrt:strpbrk.obj
 0001:000089a0       _mbsdec                    00000001800099a0 f   libucrt:mbsdec.obj
 0001:000089a8       _mbsdec_l                  00000001800099a8 f   libucrt:mbsdec.obj
 0001:00008a50       _msize                     0000000180009a50 f   libucrt:msize.obj
 0001:00008a58       _msize_base                0000000180009a58 f   libucrt:msize.obj
 0001:00008a94       _realloc_base              0000000180009a94 f   libucrt:realloc_base.obj
 0001:00008bdc       __acrt_DownlevelLocaleNameToLCID 0000000180009bdc f   libucrt:lcidtoname_downlevel.obj
 0001:00008c10       __acrt_lowio_create_handle_array 0000000180009c10 f   libucrt:osfinfo.obj
 0001:00008ca8       __acrt_lowio_destroy_handle_array 0000000180009ca8 f   libucrt:osfinfo.obj
 0001:00008cf8       __acrt_lowio_ensure_fh_exists 0000000180009cf8 f   libucrt:osfinfo.obj
 0001:00008da0       __acrt_lowio_lock_fh       0000000180009da0 f   libucrt:osfinfo.obj
 0001:00008dc4       __acrt_lowio_unlock_fh     0000000180009dc4 f   libucrt:osfinfo.obj
 0001:00008de8       _free_osfhnd               0000000180009de8 f   libucrt:osfinfo.obj
 0001:00008ea4       _get_osfhandle             0000000180009ea4 f   libucrt:osfinfo.obj
 0001:00008fa8       _commit                    0000000180009fa8 f   libucrt:commit.obj
 0001:000095f4       _write                     000000018000a5f4 f   libucrt:write.obj
 0001:000096e0       _write_nolock              000000018000a6e0 f   libucrt:write.obj
 0001:00009a24       _fcloseall                 000000018000aa24 f   libucrt:closeall.obj
 0001:00009ad8       __acrt_stdio_free_buffer_nolock 000000018000aad8 f   libucrt:_freebuf.obj
 0001:00009b18       _isatty                    000000018000ab18 f   libucrt:isatty.obj
 0001:00009b78       __acrt_MultiByteToWideChar 000000018000ab78 f   libucrt:multibytetowidechar.obj
 0001:00009b80       __strncnt                  000000018000ab80 f   libucrt:strncnt.obj
 0001:00009b98       _query_app_type            000000018000ab98 f   libucrt:report_runtime_error.obj
 0001:00009c3c       _lseeki64_nolock           000000018000ac3c f   libucrt:lseek.obj
 0001:00009c44       _putwch_nolock             000000018000ac44 f   libucrt:putwch.obj
 0001:00009c80       _fclose_nolock             000000018000ac80 f   libucrt:fclose.obj
 0001:00009d04       fclose                     000000018000ad04 f   libucrt:fclose.obj
 0001:00009d70       log10                      000000018000ad70 f   libucrt:log10.obj
 0001:0000a31c       __dcrt_lowio_ensure_console_output_initialized 000000018000b31c f   libucrt:initcon.obj
 0001:0000a370       __dcrt_terminate_console_output 000000018000b370 f   libucrt:initcon.obj
 0001:0000a38c       __dcrt_write_console_w     000000018000b38c f   libucrt:initcon.obj
 0001:0000a4c0       _close                     000000018000b4c0 f   libucrt:close.obj
 0001:0000a564       _close_nolock              000000018000b564 f   libucrt:close.obj
 0001:0000a620       ?__acrt_stdio_free_stream@@YAXV__crt_stdio_stream@@@Z 000000018000b620 f   libucrt:stream.obj
 0001:0000a760       _handle_error              000000018000b760 f   libucrt:libm_error.obj
 0001:0000a890       __acrt_initialize_fma3     000000018000b890 f   libucrt:fma3_available.obj
 0001:0000a900       _log10_special             000000018000b900 f   libucrt:log_special.obj
 0001:0000a9d0       _get_fpsr                  000000018000b9d0 f   libucrt:fpsr.obj
 0001:0000a9e0       _set_fpsr                  000000018000b9e0 f   libucrt:fpsr.obj
 0001:0000a9ea       _fclrf                     000000018000b9ea f   libucrt:fpsr.obj
 0001:0000a9fe       _frnd                      000000018000b9fe f   libucrt:fpsr.obj
 0001:0000aa20       _raise_exc                 000000018000ba20 f   libucrt:fpexcept.obj
 0001:0000aa48       _raise_exc_ex              000000018000ba48 f   libucrt:fpexcept.obj
 0001:0000ad50       _set_errno_from_matherr    000000018000bd50 f   libucrt:fpexcept.obj
 0001:0000ad80       _clrfp                     000000018000bd80 f   libucrt:fpctrl.obj
 0001:0000ada0       _ctrlfp                    000000018000bda0 f   libucrt:fpctrl.obj
 0001:0000ae1c       _set_statfp                000000018000be1c f   libucrt:fpctrl.obj
 0001:0000ae3c       _statfp                    000000018000be3c f   libucrt:fpctrl.obj
 0001:0000ae4d       IsProcessorFeaturePresent  000000018000be4d f   kernel32:KERNEL32.dll
 0001:0000ae53       RtlUnwindEx                000000018000be53 f   kernel32:KERNEL32.dll
 0001:0000ae60       _FindPESection             000000018000be60 f   LIBCMT:pesect.obj
 0001:0000aeb0       _IsNonwritableInCurrentImage 000000018000beb0 f   LIBCMT:pesect.obj
 0001:0000af00       _ValidateImageBase         000000018000bf00 f   LIBCMT:pesect.obj
 0001:0000af30       __GSHandlerCheck           000000018000bf30 f   LIBCMT:_gshandler_.obj
 0001:0000af50       __GSHandlerCheckCommon     000000018000bf50 f   LIBCMT:_gshandler_.obj
 0001:0000afc0       _alloca_probe              000000018000bfc0 f   LIBCMT:_chkstk_.obj
 0001:0000afc0       __chkstk                   000000018000bfc0 f   LIBCMT:_chkstk_.obj
 0001:0000b030       memcmp                     000000018000c030 f   libvcruntime:memcmp.obj
 0001:0000b110       _guard_dispatch_icall_nop  000000018000c110 f   LIBCMT:_guard_dispatch_.obj
 0001:0000b130       __guard_ss_verify_failure  000000018000c130 f   LIBCMT:_rfgfailure_.obj
 0001:0000b13b       __guard_ss_verify_failure_rcx 000000018000c13b     LIBCMT:_rfgfailure_.obj
 0001:0000b141       __guard_ss_verify_failure_rdx 000000018000c141     LIBCMT:_rfgfailure_.obj
 0001:0000b147       __guard_ss_verify_failure_r8 000000018000c147     LIBCMT:_rfgfailure_.obj
 0001:0000b14d       __guard_ss_verify_failure_r9 000000018000c14d     LIBCMT:_rfgfailure_.obj
 0001:0000b153       __guard_ss_verify_failure_r10 000000018000c153     LIBCMT:_rfgfailure_.obj
 0001:0000b160       __guard_ss_verify_failure_default 000000018000c160 f   LIBCMT:_rfgfailure_.obj
 0001:0000b1c0       __guard_ss_verify_sp       000000018000c1c0 f   LIBCMT:_rfgfailure_.obj
 0001:0000b1d0       __guard_ss_verify_sp_default 000000018000c1d0 f   LIBCMT:_rfgfailure_.obj
 0002:00000000       __imp_CloseHandle          000000018000d000     kernel32:KERNEL32.dll
 0002:00000008       __imp_CreateFileW          000000018000d008     kernel32:KERNEL32.dll
 0002:00000010       __imp_SetFilePointerEx     000000018000d010     kernel32:KERNEL32.dll
 0002:00000018       __imp_GetConsoleMode       000000018000d018     kernel32:KERNEL32.dll
 0002:00000020       __imp_GetConsoleCP         000000018000d020     kernel32:KERNEL32.dll
 0002:00000028       __imp_WriteFile            000000018000d028     kernel32:KERNEL32.dll
 0002:00000030       __imp_FlushFileBuffers     000000018000d030     kernel32:KERNEL32.dll
 0002:00000038       __imp_SetStdHandle         000000018000d038     kernel32:KERNEL32.dll
 0002:00000040       __imp_HeapReAlloc          000000018000d040     kernel32:KERNEL32.dll
 0002:00000048       __imp_HeapSize             000000018000d048     kernel32:KERNEL32.dll
 0002:00000050       __imp_GetStringTypeW       000000018000d050     kernel32:KERNEL32.dll
 0002:00000058       __imp_GetFileType          000000018000d058     kernel32:KERNEL32.dll
 0002:00000060       __imp_GetStdHandle         000000018000d060     kernel32:KERNEL32.dll
 0002:00000068       __imp_GetProcessHeap       000000018000d068     kernel32:KERNEL32.dll
 0002:00000070       __imp_RtlCaptureContext    000000018000d070     kernel32:KERNEL32.dll
 0002:00000078       __imp_RtlLookupFunctionEntry 000000018000d078     kernel32:KERNEL32.dll
 0002:00000080       __imp_RtlVirtualUnwind     000000018000d080     kernel32:KERNEL32.dll
 0002:00000088       __imp_UnhandledExceptionFilter 000000018000d088     kernel32:KERNEL32.dll
 0002:00000090       __imp_SetUnhandledExceptionFilter 000000018000d090     kernel32:KERNEL32.dll
 0002:00000098       __imp_GetCurrentProcess    000000018000d098     kernel32:KERNEL32.dll
 0002:000000a0       __imp_TerminateProcess     000000018000d0a0     kernel32:KERNEL32.dll
 0002:000000a8       __imp_IsProcessorFeaturePresent 000000018000d0a8     kernel32:KERNEL32.dll
 0002:000000b0       __imp_QueryPerformanceCounter 000000018000d0b0     kernel32:KERNEL32.dll
 0002:000000b8       __imp_GetCurrentProcessId  000000018000d0b8     kernel32:KERNEL32.dll
 0002:000000c0       __imp_GetCurrentThreadId   000000018000d0c0     kernel32:KERNEL32.dll
 0002:000000c8       __imp_GetSystemTimeAsFileTime 000000018000d0c8     kernel32:KERNEL32.dll
 0002:000000d0       __imp_InitializeSListHead  000000018000d0d0     kernel32:KERNEL32.dll
 0002:000000d8       __imp_IsDebuggerPresent    000000018000d0d8     kernel32:KERNEL32.dll
 0002:000000e0       __imp_GetStartupInfoW      000000018000d0e0     kernel32:KERNEL32.dll
 0002:000000e8       __imp_GetModuleHandleW     000000018000d0e8     kernel32:KERNEL32.dll
 0002:000000f0       __imp_RtlPcToFileHeader    000000018000d0f0     kernel32:KERNEL32.dll
 0002:000000f8       __imp_RaiseException       000000018000d0f8     kernel32:KERNEL32.dll
 0002:00000100       __imp_RtlUnwindEx          000000018000d100     kernel32:KERNEL32.dll
 0002:00000108       __imp_InterlockedFlushSList 000000018000d108     kernel32:KERNEL32.dll
 0002:00000110       __imp_GetLastError         000000018000d110     kernel32:KERNEL32.dll
 0002:00000118       __imp_SetLastError         000000018000d118     kernel32:KERNEL32.dll
 0002:00000120       __imp_EnterCriticalSection 000000018000d120     kernel32:KERNEL32.dll
 0002:00000128       __imp_LeaveCriticalSection 000000018000d128     kernel32:KERNEL32.dll
 0002:00000130       __imp_DeleteCriticalSection 000000018000d130     kernel32:KERNEL32.dll
 0002:00000138       __imp_InitializeCriticalSectionAndSpinCount 000000018000d138     kernel32:KERNEL32.dll
 0002:00000140       __imp_TlsAlloc             000000018000d140     kernel32:KERNEL32.dll
 0002:00000148       __imp_TlsGetValue          000000018000d148     kernel32:KERNEL32.dll
 0002:00000150       __imp_TlsSetValue          000000018000d150     kernel32:KERNEL32.dll
 0002:00000158       __imp_TlsFree              000000018000d158     kernel32:KERNEL32.dll
 0002:00000160       __imp_FreeLibrary          000000018000d160     kernel32:KERNEL32.dll
 0002:00000168       __imp_GetProcAddress       000000018000d168     kernel32:KERNEL32.dll
 0002:00000170       __imp_LoadLibraryExW       000000018000d170     kernel32:KERNEL32.dll
 0002:00000178       __imp_ExitProcess          000000018000d178     kernel32:KERNEL32.dll
 0002:00000180       __imp_GetModuleHandleExW   000000018000d180     kernel32:KERNEL32.dll
 0002:00000188       __imp_GetModuleFileNameA   000000018000d188     kernel32:KERNEL32.dll
 0002:00000190       __imp_MultiByteToWideChar  000000018000d190     kernel32:KERNEL32.dll
 0002:00000198       __imp_WideCharToMultiByte  000000018000d198     kernel32:KERNEL32.dll
 0002:000001a0       __imp_HeapFree             000000018000d1a0     kernel32:KERNEL32.dll
 0002:000001a8       __imp_HeapAlloc            000000018000d1a8     kernel32:KERNEL32.dll
 0002:000001b0       __imp_GetACP               000000018000d1b0     kernel32:KERNEL32.dll
 0002:000001b8       __imp_FindClose            000000018000d1b8     kernel32:KERNEL32.dll
 0002:000001c0       __imp_FindFirstFileExA     000000018000d1c0     kernel32:KERNEL32.dll
 0002:000001c8       __imp_FindNextFileA        000000018000d1c8     kernel32:KERNEL32.dll
 0002:000001d0       __imp_IsValidCodePage      000000018000d1d0     kernel32:KERNEL32.dll
 0002:000001d8       __imp_GetOEMCP             000000018000d1d8     kernel32:KERNEL32.dll
 0002:000001e0       __imp_GetCPInfo            000000018000d1e0     kernel32:KERNEL32.dll
 0002:000001e8       __imp_GetCommandLineA      000000018000d1e8     kernel32:KERNEL32.dll
 0002:000001f0       __imp_GetCommandLineW      000000018000d1f0     kernel32:KERNEL32.dll
 0002:000001f8       __imp_GetEnvironmentStringsW 000000018000d1f8     kernel32:KERNEL32.dll
 0002:00000200       __imp_FreeEnvironmentStringsW 000000018000d200     kernel32:KERNEL32.dll
 0002:00000208       __imp_LCMapStringW         000000018000d208     kernel32:KERNEL32.dll
 0002:00000210       __imp_WriteConsoleW        000000018000d210     kernel32:KERNEL32.dll
 0002:00000218       \177KERNEL32_NULL_THUNK_DATA 000000018000d218     kernel32:KERNEL32.dll
 0002:00000220       __imp_node_module_register 000000018000d220     iojs:node.dll
 0002:00000228       __imp_?SetName@Function@v8@@QEAAXV?$Local@VString@v8@@@2@@Z 000000018000d228     iojs:node.dll
 0002:00000230       __imp_?Set@Object@v8@@QEAA_NV?$Local@VValue@v8@@@2@0@Z 000000018000d230     iojs:node.dll
 0002:00000238       __imp_?Get@Object@v8@@QEAA?AV?$Local@VValue@v8@@@2@I@Z 000000018000d238     iojs:node.dll
 0002:00000240       __imp_?NewFromUtf8@String@v8@@SA?AV?$Local@VString@v8@@@2@PEAVIsolate@2@PEBDW4NewStringType@12@H@Z 000000018000d240     iojs:node.dll
 0002:00000248       __imp_?NumberValue@Value@v8@@QEBANXZ 000000018000d248     iojs:node.dll
 0002:00000250       __imp_?GetFunction@FunctionTemplate@v8@@QEAA?AV?$Local@VFunction@v8@@@2@XZ 000000018000d250     iojs:node.dll
 0002:00000258       __imp_?Length@Array@v8@@QEBAIXZ 000000018000d258     iojs:node.dll
 0002:00000260       __imp_?TypeError@Exception@v8@@SA?AV?$Local@VValue@v8@@@2@V?$Local@VString@v8@@@2@@Z 000000018000d260     iojs:node.dll
 0002:00000268       __imp_??0HandleScope@v8@@QEAA@PEAVIsolate@1@@Z 000000018000d268     iojs:node.dll
 0002:00000270       __imp_??1HandleScope@v8@@QEAA@XZ 000000018000d270     iojs:node.dll
 0002:00000278       __imp_?GetCurrent@Isolate@v8@@SAPEAV12@XZ 000000018000d278     iojs:node.dll
 0002:00000280       __imp_?ThrowException@Isolate@v8@@QEAA?AV?$Local@VValue@v8@@@2@V32@@Z 000000018000d280     iojs:node.dll
 0002:00000288       __imp_?New@FunctionTemplate@v8@@SA?AV?$Local@VFunctionTemplate@v8@@@2@PEAVIsolate@2@P6AXAEBV?$FunctionCallbackInfo@VValue@v8@@@2@@ZV?$Local@VValue@v8@@@2@V?$Local@VSignature@v8@@@2@HW4ConstructorBehavior@2@@Z 000000018000d288     iojs:node.dll
 0002:00000290       \177node_NULL_THUNK_DATA   000000018000d290     iojs:node.dll
 0002:00000298       __guard_check_icall_fptr   000000018000d298     LIBCMT:guard_support.obj
 0002:000002a0       __guard_dispatch_icall_fptr 000000018000d2a0     LIBCMT:guard_support.obj
 0002:000002a8       __guard_ss_verify_failure_fptr 000000018000d2a8     LIBCMT:guard_support.obj
 0002:000002b0       __guard_ss_verify_sp_fptr  000000018000d2b0     LIBCMT:guard_support.obj
 0002:000002b8       __xc_a                     000000018000d2b8     LIBCMT:initializers.obj
 0002:000002c0       _register_addon_           000000018000d2c0     map.obj
 0002:000002c8       __xc_z                     000000018000d2c8     LIBCMT:initializers.obj
 0002:000002d0       __xi_a                     000000018000d2d0     LIBCMT:initializers.obj
 0002:000002d8       __acrt_multibyte_initializer 000000018000d2d8     libucrt:multibyte_initializer.obj
 0002:000002e0       __acrt_stdio_initializer   000000018000d2e0     libucrt:stdio_initializer.obj
 0002:000002e8       __acrt_tran_fma3_initializer 000000018000d2e8     libucrt:fma3_initializer.obj
 0002:000002f0       __xi_z                     000000018000d2f0     LIBCMT:initializers.obj
 0002:000002f8       __xp_a                     000000018000d2f8     LIBCMT:initializers.obj
 0002:00000300       __acrt_locale_terminator   000000018000d300     libucrt:locale_initializer.obj
 0002:00000308       __dcrt_console_output_terminator 000000018000d308     libucrt:console_output_initializer.obj
 0002:00000310       __acrt_stdio_terminator    000000018000d310     libucrt:stdio_initializer.obj
 0002:00000318       __xp_z                     000000018000d318     LIBCMT:initializers.obj
 0002:00000320       __xt_a                     000000018000d320     LIBCMT:initializers.obj
 0002:00000328       __xt_z                     000000018000d328     LIBCMT:initializers.obj
 0002:00000338       ??_7exception@std@@6B@     000000018000d338     libcpmt:xthrow.obj
 0002:00000348       ??_C@_0BC@EOODALEL@Unknown?5exception?$AA@ 000000018000d348     libcpmt:xthrow.obj
 0002:00000368       ??_7bad_alloc@std@@6B@     000000018000d368     libcpmt:xthrow.obj
 0002:00000378       ??_C@_0P@GHFPNOJB@bad?5allocation?$AA@ 000000018000d378     libcpmt:xthrow.obj
 0002:00000390       ??_7logic_error@std@@6B@   000000018000d390     libcpmt:xthrow.obj
 0002:000003a8       ??_7length_error@std@@6B@  000000018000d3a8     libcpmt:xthrow.obj
 0002:000003b8       _pRawDllMain               000000018000d3b8     LIBCMT:dll_dllmain.obj
 0002:000003b8       _pDefaultRawDllMain        000000018000d3b8     LIBCMT:dll_dllmain.obj
 0002:000003c8       ??_7type_info@@6B@         000000018000d3c8     LIBCMT:std_type_info_static.obj
 0002:000003e8       ??_7bad_array_new_length@std@@6B@ 000000018000d3e8     LIBCMT:throw_bad_alloc.obj
 0002:000003f8       ??_C@_0BF@KINCDENJ@bad?5array?5new?5length?$AA@ 000000018000d3f8     LIBCMT:throw_bad_alloc.obj
 0002:00000778       ??_C@_08EHJDFFNH@__based?$CI?$AA@ 000000018000d778     libvcruntime:undname.obj
 0002:00000788       ??_C@_07KOLFKCDI@__cdecl?$AA@ 000000018000d788     libvcruntime:undname.obj
 0002:00000790       ??_C@_08GHMPAG@__pascal?$AA@ 000000018000d790     libvcruntime:undname.obj
 0002:000007a0       ??_C@_09IFJBGAPI@__stdcall?$AA@ 000000018000d7a0     libvcruntime:undname.obj
 0002:000007b0       ??_C@_0L@NPHFGOKO@__thiscall?$AA@ 000000018000d7b0     libvcruntime:undname.obj
 0002:000007c0       ??_C@_0L@JMKHOMEK@__fastcall?$AA@ 000000018000d7c0     libvcruntime:undname.obj
 0002:000007d0       ??_C@_0N@BCKKPABJ@__vectorcall?$AA@ 000000018000d7d0     libvcruntime:undname.obj
 0002:000007e0       ??_C@_09HIJEGCPM@__clrcall?$AA@ 000000018000d7e0     libvcruntime:undname.obj
 0002:000007ec       ??_C@_06GHPCKEAG@__eabi?$AA@ 000000018000d7ec     libvcruntime:undname.obj
 0002:000007f8       ??_C@_07JOMMBBKO@__ptr64?$AA@ 000000018000d7f8     libvcruntime:undname.obj
 0002:00000800       ??_C@_0L@PILCLIHE@__restrict?$AA@ 000000018000d800     libvcruntime:undname.obj
 0002:00000810       ??_C@_0M@GFIIJFMG@__unaligned?$AA@ 000000018000d810     libvcruntime:undname.obj
 0002:00000820       ??_C@_09DHDLOLLB@restrict?$CI?$AA@ 000000018000d820     libvcruntime:undname.obj
 0002:0000082a       ??_C@_00CNPNBAHC@?$AA@     000000018000d82a     libvcruntime:undname.obj
 0002:0000082c       ??_C@_04NIHEBCM@?5new?$AA@ 000000018000d82c     libvcruntime:undname.obj
 0002:00000838       ??_C@_07FPCDHGMM@?5delete?$AA@ 000000018000d838     libvcruntime:undname.obj
 0002:00000840       ??_C@_01NEMOKFLO@?$DN?$AA@ 000000018000d840     libvcruntime:undname.obj
 0002:00000844       ??_C@_02GPIOPFAK@?$DO?$DO?$AA@ 000000018000d844     libvcruntime:undname.obj
 0002:00000848       ??_C@_02FODMEDOG@?$DM?$DM?$AA@ 000000018000d848     libvcruntime:undname.obj
 0002:0000084c       ??_C@_01DCLJPIOD@?$CB?$AA@ 000000018000d84c     libvcruntime:undname.obj
 0002:00000850       ??_C@_02EGOFBIJA@?$DN?$DN?$AA@ 000000018000d850     libvcruntime:undname.obj
 0002:00000854       ??_C@_02FDNJECIE@?$CB?$DN?$AA@ 000000018000d854     libvcruntime:undname.obj
 0002:00000858       ??_C@_02GPECMEKF@?$FL?$FN?$AA@ 000000018000d858     libvcruntime:undname.obj
 0002:00000860       ??_C@_08LHJFAFGD@operator?$AA@ 000000018000d860     libvcruntime:undname.obj
 0002:0000086c       ??_C@_02HBOOOICD@?9?$DO?$AA@ 000000018000d86c     libvcruntime:undname.obj
 0002:00000870       ??_C@_01NBENCBCI@?$CK?$AA@ 000000018000d870     libvcruntime:undname.obj
 0002:00000874       ??_C@_02ECNGHCIF@?$CL?$CL?$AA@ 000000018000d874     libvcruntime:undname.obj
 0002:00000878       ??_C@_02BAABKJLB@?9?9?$AA@ 000000018000d878     libvcruntime:undname.obj
 0002:0000087c       ??_C@_01JOAMLHOP@?9?$AA@   000000018000d87c     libvcruntime:undname.obj
 0002:00000880       ??_C@_01MIFGBAGJ@?$CL?$AA@ 000000018000d880     libvcruntime:undname.obj
 0002:00000884       ??_C@_01HNPIGOCE@?$CG?$AA@ 000000018000d884     libvcruntime:undname.obj
 0002:00000888       ??_C@_03MNHNFDLC@?9?$DO?$CK?$AA@ 000000018000d888     libvcruntime:undname.obj
 0002:0000088c       ??_C@_01KMDKNFGN@?1?$AA@   000000018000d88c     libvcruntime:undname.obj
 0002:00000890       ??_C@_01FGNFDNOH@?$CF?$AA@ 000000018000d890     libvcruntime:undname.obj
 0002:00000894       ??_C@_01MNNFJEPP@?$DM?$AA@ 000000018000d894     libvcruntime:undname.obj
 0002:00000898       ??_C@_02EHCHHCKH@?$DM?$DN?$AA@ 000000018000d898     libvcruntime:undname.obj
 0002:0000089c       ??_C@_01PPODPGHN@?$DO?$AA@ 000000018000d89c     libvcruntime:undname.obj
 0002:000008a0       ??_C@_02EEKDKGMJ@?$DO?$DN?$AA@ 000000018000d8a0     libvcruntime:undname.obj
 0002:000008a4       ??_C@_01IHBHIGKO@?0?$AA@   000000018000d8a4     libvcruntime:undname.obj
 0002:000008a8       ??_C@_02HCKGKOFO@?$CI?$CJ?$AA@ 000000018000d8a8     libvcruntime:undname.obj
 0002:000008ac       ??_C@_01PJKLJHI@?$HO?$AA@  000000018000d8ac     libvcruntime:undname.obj
 0002:000008b0       ??_C@_01JKBOJNNK@?$FO?$AA@ 000000018000d8b0     libvcruntime:undname.obj
 0002:000008b4       ??_C@_01DNKMNLPK@?$HM?$AA@ 000000018000d8b4     libvcruntime:undname.obj
 0002:000008b8       ??_C@_02PPKAJPJL@?$CG?$CG?$AA@ 000000018000d8b8     libvcruntime:undname.obj
 0002:000008bc       ??_C@_02NONPIBCD@?$HM?$HM?$AA@ 000000018000d8bc     libvcruntime:undname.obj
 0002:000008c0       ??_C@_02FPIMKNGF@?$CK?$DN?$AA@ 000000018000d8c0     libvcruntime:undname.obj
 0002:000008c4       ??_C@_02FOEOMHFC@?$CL?$DN?$AA@ 000000018000d8c4     libvcruntime:undname.obj
 0002:000008c8       ??_C@_02FKMDLLOA@?9?$DN?$AA@ 000000018000d8c8     libvcruntime:undname.obj
 0002:000008cc       ??_C@_02FJEHGPIO@?1?$DN?$AA@ 000000018000d8cc     libvcruntime:undname.obj
 0002:000008d0       ??_C@_02FENAOKFI@?$CF?$DN?$AA@ 000000018000d8d0     libvcruntime:undname.obj
 0002:000008d4       ??_C@_03IKFCCPFF@?$DO?$DO?$DN?$AA@ 000000018000d8d4     libvcruntime:undname.obj
 0002:000008d8       ??_C@_03CDNPDDLA@?$DM?$DM?$DN?$AA@ 000000018000d8d8     libvcruntime:undname.obj
 0002:000008dc       ??_C@_02FGJGFEAB@?$CG?$DN?$AA@ 000000018000d8dc     libvcruntime:undname.obj
 0002:000008e0       ??_C@_02DHLNPPGH@?$HM?$DN?$AA@ 000000018000d8e0     libvcruntime:undname.obj
 0002:000008e4       ??_C@_02MHEGNOJ@?$FO?$DN?$AA@ 000000018000d8e4     libvcruntime:undname.obj
 0002:000008e8       ??_C@_09IFPLHPGF@?$GAvftable?8?$AA@ 000000018000d8e8     libvcruntime:undname.obj
 0002:000008f8       ??_C@_09BLBHBJP@?$GAvbtable?8?$AA@ 000000018000d8f8     libvcruntime:undname.obj
 0002:00000908       ??_C@_07FEEIOKP@?$GAvcall?8?$AA@ 000000018000d908     libvcruntime:undname.obj
 0002:00000910       ??_C@_08LLFFHHDJ@?$GAtypeof?8?$AA@ 000000018000d910     libvcruntime:undname.obj
 0002:00000920       ??_C@_0BF@KDPPACIK@?$GAlocal?5static?5guard?8?$AA@ 000000018000d920     libvcruntime:undname.obj
 0002:00000938       ??_C@_08OBABFOLI@?$GAstring?8?$AA@ 000000018000d938     libvcruntime:undname.obj
 0002:00000948       ??_C@_0BD@JDLKDPAB@?$GAvbase?5destructor?8?$AA@ 000000018000d948     libvcruntime:undname.obj
 0002:00000960       ??_C@_0BN@DEGPLNFK@?$GAvector?5deleting?5destructor?8?$AA@ 000000018000d960     libvcruntime:undname.obj
 0002:00000980       ??_C@_0BO@OBMKPJIG@?$GAdefault?5constructor?5closure?8?$AA@ 000000018000d980     libvcruntime:undname.obj
 0002:000009a0       ??_C@_0BN@IMDCHIKM@?$GAscalar?5deleting?5destructor?8?$AA@ 000000018000d9a0     libvcruntime:undname.obj
 0002:000009c0       ??_C@_0BO@PFGOCPJJ@?$GAvector?5constructor?5iterator?8?$AA@ 000000018000d9c0     libvcruntime:undname.obj
 0002:000009e0       ??_C@_0BN@LFPFMEDL@?$GAvector?5destructor?5iterator?8?$AA@ 000000018000d9e0     libvcruntime:undname.obj
 0002:00000a00       ??_C@_0CE@IKBNEHA@?$GAvector?5vbase?5constructor?5iterat@ 000000018000da00     libvcruntime:undname.obj
 0002:00000a28       ??_C@_0BL@NILFHHPC@?$GAvirtual?5displacement?5map?8?$AA@ 000000018000da28     libvcruntime:undname.obj
 0002:00000a48       ??_C@_0CB@JONCMFFK@?$GAeh?5vector?5constructor?5iterator?8@ 000000018000da48     libvcruntime:undname.obj
 0002:00000a70       ??_C@_0CA@GCEOPDGL@?$GAeh?5vector?5destructor?5iterator?8?$AA@ 000000018000da70     libvcruntime:undname.obj
 0002:00000a90       ??_C@_0CH@OOJPLCPH@?$GAeh?5vector?5vbase?5constructor?5ite@ 000000018000da90     libvcruntime:undname.obj
 0002:00000ab8       ??_C@_0BL@LLKPOHJI@?$GAcopy?5constructor?5closure?8?$AA@ 000000018000dab8     libvcruntime:undname.obj
 0002:00000ad8       ??_C@_0BA@KBCDOMBN@?$GAudt?5returning?8?$AA@ 000000018000dad8     libvcruntime:undname.obj
 0002:00000ae8       ??_C@_03KLGMFNMG@?$GAEH?$AA@ 000000018000dae8     libvcruntime:undname.obj
 0002:00000aec       ??_C@_05KHLCHHI@?$GARTTI?$AA@ 000000018000daec     libvcruntime:undname.obj
 0002:00000af8       ??_C@_0BA@KKLDJDLB@?$GAlocal?5vftable?8?$AA@ 000000018000daf8     libvcruntime:undname.obj
 0002:00000b08       ??_C@_0CE@IIHCMGGL@?$GAlocal?5vftable?5constructor?5closu@ 000000018000db08     libvcruntime:undname.obj
 0002:00000b2c       ??_C@_06FHBGPFGH@?5new?$FL?$FN?$AA@ 000000018000db2c     libvcruntime:undname.obj
 0002:00000b38       ??_C@_09LBNFPBCA@?5delete?$FL?$FN?$AA@ 000000018000db38     libvcruntime:undname.obj
 0002:00000b48       ??_C@_0P@HJKNJFNN@?$GAomni?5callsig?8?$AA@ 000000018000db48     libvcruntime:undname.obj
 0002:00000b58       ??_C@_0BL@CNOONJFP@?$GAplacement?5delete?5closure?8?$AA@ 000000018000db58     libvcruntime:undname.obj
 0002:00000b78       ??_C@_0BN@CKNJLHMB@?$GAplacement?5delete?$FL?$FN?5closure?8?$AA@ 000000018000db78     libvcruntime:undname.obj
 0002:00000b98       ??_C@_0CG@CFDHKGGD@?$GAmanaged?5vector?5constructor?5iter@ 000000018000db98     libvcruntime:undname.obj
 0002:00000bc0       ??_C@_0CF@IMGKMJNO@?$GAmanaged?5vector?5destructor?5itera@ 000000018000dbc0     libvcruntime:undname.obj
 0002:00000be8       ??_C@_0CG@HLDDJMAG@?$GAeh?5vector?5copy?5constructor?5iter@ 000000018000dbe8     libvcruntime:undname.obj
 0002:00000c10       ??_C@_0CM@FCBBDIGB@?$GAeh?5vector?5vbase?5copy?5constructo@ 000000018000dc10     libvcruntime:undname.obj
 0002:00000c40       ??_C@_0BL@CLIPGLGB@?$GAdynamic?5initializer?5for?5?8?$AA@ 000000018000dc40     libvcruntime:undname.obj
 0002:00000c60       ??_C@_0CB@PDBIFEP@?$GAdynamic?5atexit?5destructor?5for?5?8@ 000000018000dc60     libvcruntime:undname.obj
 0002:00000c88       ??_C@_0CD@CGAJBKEJ@?$GAvector?5copy?5constructor?5iterato@ 000000018000dc88     libvcruntime:undname.obj
 0002:00000cb0       ??_C@_0CJ@GJELGAMM@?$GAvector?5vbase?5copy?5constructor?5i@ 000000018000dcb0     libvcruntime:undname.obj
 0002:00000ce0       ??_C@_0CL@FGIJHLCE@?$GAmanaged?5vector?5copy?5constructor@ 000000018000dce0     libvcruntime:undname.obj
 0002:00000d10       ??_C@_0BM@PMGGMLDN@?$GAlocal?5static?5thread?5guard?8?$AA@ 000000018000dd10     libvcruntime:undname.obj
 0002:00000d30       ??_C@_0N@BDNMDMOL@operator?5?$CC?$CC?5?$AA@ 000000018000dd30     libvcruntime:undname.obj
 0002:00000d40       ??_C@_0BC@GGEBGALA@operator?5co_await?$AA@ 000000018000dd40     libvcruntime:undname.obj
 0002:00000d58       ??_C@_0BC@DAFEJGAK@?5Type?5Descriptor?8?$AA@ 000000018000dd58     libvcruntime:undname.obj
 0002:00000d70       ??_C@_0BM@LDKODKLH@?5Base?5Class?5Descriptor?5at?5?$CI?$AA@ 000000018000dd70     libvcruntime:undname.obj
 0002:00000d90       ??_C@_0BD@LGICGFMM@?5Base?5Class?5Array?8?$AA@ 000000018000dd90     libvcruntime:undname.obj
 0002:00000da8       ??_C@_0BN@MECKDCOJ@?5Class?5Hierarchy?5Descriptor?8?$AA@ 000000018000dda8     libvcruntime:undname.obj
 0002:00000dc8       ??_C@_0BK@CFCOFLF@?5Complete?5Object?5Locator?8?$AA@ 000000018000ddc8     libvcruntime:undname.obj
 0002:00000e00       ??_C@_1DM@KHCHBNEB@?$AAa?$AAp?$AAi?$AA?9?$AAm?$AAs?$AA?9?$AAw?$AAi?$AAn?$AA?9?$AAc?$AAo?$AAr?$AAe?$AA?9?$AAf?$AAi?$AAb?$AAe?$AAr?$AAs?$AA?9?$AAl?$AA1?$AA?9?$AA1?$AA?9?$AA1?$AA?$AA@ 000000018000de00     libvcruntime:winapi_downlevel.obj
 0002:00000e40       ??_C@_1DK@LPPGFMPP@?$AAa?$AAp?$AAi?$AA?9?$AAm?$AAs?$AA?9?$AAw?$AAi?$AAn?$AA?9?$AAc?$AAo?$AAr?$AAe?$AA?9?$AAs?$AAy?$AAn?$AAc?$AAh?$AA?9?$AAl?$AA1?$AA?9?$AA2?$AA?9?$AA0?$AA?$AA@ 000000018000de40     libvcruntime:winapi_downlevel.obj
 0002:00000e80       ??_C@_1BC@GDMECMAK@?$AAk?$AAe?$AAr?$AAn?$AAe?$AAl?$AA3?$AA2?$AA?$AA@ 000000018000de80     libvcruntime:winapi_downlevel.obj
 0002:00000e98       ??_C@_1BA@PFFKHIOG@?$AAa?$AAp?$AAi?$AA?9?$AAm?$AAs?$AA?9?$AA?$AA@ 000000018000de98     libvcruntime:winapi_downlevel.obj
 0002:00000ea8       ??_C@_1BA@IAIFMGEF@?$AAe?$AAx?$AAt?$AA?9?$AAm?$AAs?$AA?9?$AA?$AA@ 000000018000dea8     libvcruntime:winapi_downlevel.obj
 0002:00000ec0       ??_C@_08KNHFBNJ@FlsAlloc?$AA@ 000000018000dec0     libvcruntime:winapi_downlevel.obj
 0002:00000ed8       ??_C@_07PEJMOBNF@FlsFree?$AA@ 000000018000ded8     libvcruntime:winapi_downlevel.obj
 0002:00000ee8       ??_C@_0M@GDNOONDI@FlsGetValue?$AA@ 000000018000dee8     libvcruntime:winapi_downlevel.obj
 0002:00000f00       ??_C@_0M@JCPCPOEF@FlsSetValue?$AA@ 000000018000df00     libvcruntime:winapi_downlevel.obj
 0002:00000f18       ??_C@_0BM@HCFOFFN@InitializeCriticalSectionEx?$AA@ 000000018000df18     libvcruntime:winapi_downlevel.obj
 0002:00000f38       _pDestructExceptionObject  000000018000df38     libvcruntime:ehhelpers.obj
 0002:00000f40       __acrt_exception_action_table 000000018000df40     libucrt:exception_filter.obj
 0002:00001000       __acrt_signal_action_table_count 000000018000e000     libucrt:exception_filter.obj
 0002:00001008       __acrt_signal_action_first_fpe_index 000000018000e008     libucrt:exception_filter.obj
 0002:00001010       __acrt_signal_action_fpe_count 000000018000e010     libucrt:exception_filter.obj
 0002:00001018       ??_C@_1BI@BGOHAHKC@?$AAm?$AAs?$AAc?$AAo?$AAr?$AAe?$AAe?$AA?4?$AAd?$AAl?$AAl?$AA?$AA@ 000000018000e018     libucrt:exit.obj
 0002:00001030       ??_C@_0P@MIGLKIOC@CorExitProcess?$AA@ 000000018000e030     libucrt:exit.obj
 0002:000012a0       __lc_time_c                000000018000e2a0     libucrt:nlsdata.obj
 0002:00001560       ??_C@_03KOEHGMDN@Sun?$AA@  000000018000e560     libucrt:nlsdata.obj
 0002:00001564       ??_C@_03PDAGKDH@Mon?$AA@   000000018000e564     libucrt:nlsdata.obj
 0002:00001568       ??_C@_03NAGEINEP@Tue?$AA@  000000018000e568     libucrt:nlsdata.obj
 0002:0000156c       ??_C@_03MHOMLAJA@Wed?$AA@  000000018000e56c     libucrt:nlsdata.obj
 0002:00001570       ??_C@_03IOFIKPDN@Thu?$AA@  000000018000e570     libucrt:nlsdata.obj
 0002:00001574       ??_C@_03IDIOELNC@Fri?$AA@  000000018000e574     libucrt:nlsdata.obj
 0002:00001578       ??_C@_03FEFJNEK@Sat?$AA@   000000018000e578     libucrt:nlsdata.obj
 0002:0000157c       ??_C@_06OOPIFAJ@Sunday?$AA@ 000000018000e57c     libucrt:nlsdata.obj
 0002:00001584       ??_C@_06JLEDEDGH@Monday?$AA@ 000000018000e584     libucrt:nlsdata.obj
 0002:00001590       ??_C@_07BAAGCFCM@Tuesday?$AA@ 000000018000e590     libucrt:nlsdata.obj
 0002:00001598       ??_C@_09DLIGFAKA@Wednesday?$AA@ 000000018000e598     libucrt:nlsdata.obj
 0002:000015a8       ??_C@_08HACCIKIA@Thursday?$AA@ 000000018000e5a8     libucrt:nlsdata.obj
 0002:000015b4       ??_C@_06JECMNKMI@Friday?$AA@ 000000018000e5b4     libucrt:nlsdata.obj
 0002:000015c0       ??_C@_08INBOOONO@Saturday?$AA@ 000000018000e5c0     libucrt:nlsdata.obj
 0002:000015cc       ??_C@_03JIHJHPIE@Jan?$AA@  000000018000e5cc     libucrt:nlsdata.obj
 0002:000015d0       ??_C@_03HJBDCHOM@Feb?$AA@  000000018000e5d0     libucrt:nlsdata.obj
 0002:000015d4       ??_C@_03ODNJBKGA@Mar?$AA@  000000018000e5d4     libucrt:nlsdata.obj
 0002:000015d8       ??_C@_03LEOLGMJP@Apr?$AA@  000000018000e5d8     libucrt:nlsdata.obj
 0002:000015dc       ??_C@_03CNMDKL@May?$AA@    000000018000e5dc     libucrt:nlsdata.obj
 0002:000015e0       ??_C@_03IDFGHECI@Jun?$AA@  000000018000e5e0     libucrt:nlsdata.obj
 0002:000015e4       ??_C@_03LBGABGKK@Jul?$AA@  000000018000e5e4     libucrt:nlsdata.obj
 0002:000015e8       ??_C@_03IFJFEIGA@Aug?$AA@  000000018000e5e8     libucrt:nlsdata.obj
 0002:000015ec       ??_C@_03GGCAPAJC@Sep?$AA@  000000018000e5ec     libucrt:nlsdata.obj
 0002:000015f0       ??_C@_03BMAOKBAD@Oct?$AA@  000000018000e5f0     libucrt:nlsdata.obj
 0002:000015f4       ??_C@_03JPJOFNIA@Nov?$AA@  000000018000e5f4     libucrt:nlsdata.obj
 0002:000015f8       ??_C@_03MKABNOCG@Dec?$AA@  000000018000e5f8     libucrt:nlsdata.obj
 0002:00001600       ??_C@_07CGJPFGJA@January?$AA@ 000000018000e600     libucrt:nlsdata.obj
 0002:00001608       ??_C@_08GNJGEPFN@February?$AA@ 000000018000e608     libucrt:nlsdata.obj
 0002:00001614       ??_C@_05HPCKOFNC@March?$AA@ 000000018000e614     libucrt:nlsdata.obj
 0002:0000161c       ??_C@_05DMJDNLEJ@April?$AA@ 000000018000e61c     libucrt:nlsdata.obj
 0002:00001624       ??_C@_04CNLMGBGM@June?$AA@ 000000018000e624     libucrt:nlsdata.obj
 0002:0000162c       ??_C@_04MIEPOIFP@July?$AA@ 000000018000e62c     libucrt:nlsdata.obj
 0002:00001634       ??_C@_06LBBHFDDG@August?$AA@ 000000018000e634     libucrt:nlsdata.obj
 0002:00001640       ??_C@_09BHHEALKD@September?$AA@ 000000018000e640     libucrt:nlsdata.obj
 0002:00001650       ??_C@_07JJNFCEND@October?$AA@ 000000018000e650     libucrt:nlsdata.obj
 0002:00001658       ??_C@_08HCHEGEOA@November?$AA@ 000000018000e658     libucrt:nlsdata.obj
 0002:00001668       ??_C@_08EDHMEBNP@December?$AA@ 000000018000e668     libucrt:nlsdata.obj
 0002:00001674       ??_C@_02DEDBPAFC@AM?$AA@   000000018000e674     libucrt:nlsdata.obj
 0002:00001678       ??_C@_02CJNFDJBF@PM?$AA@   000000018000e678     libucrt:nlsdata.obj
 0002:00001680       ??_C@_08BPBNCDIB@MM?1dd?1yy?$AA@ 000000018000e680     libucrt:nlsdata.obj
 0002:00001690       ??_C@_0BE@CKGJFCPC@dddd?0?5MMMM?5dd?0?5yyyy?$AA@ 000000018000e690     libucrt:nlsdata.obj
 0002:000016a8       ??_C@_08JCCMCCIL@HH?3mm?3ss?$AA@ 000000018000e6a8     libucrt:nlsdata.obj
 0002:000016b8       ??_C@_17MBGCMIPB@?$AAS?$AAu?$AAn?$AA?$AA@ 000000018000e6b8     libucrt:nlsdata.obj
 0002:000016c0       ??_C@_17KBOMKBF@?$AAM?$AAo?$AAn?$AA?$AA@ 000000018000e6c0     libucrt:nlsdata.obj
 0002:000016c8       ??_C@_17BMKGEGOJ@?$AAT?$AAu?$AAe?$AA?$AA@ 000000018000e6c8     libucrt:nlsdata.obj
 0002:000016d0       ??_C@_17CJEDCEPE@?$AAW?$AAe?$AAd?$AA?$AA@ 000000018000e6d0     libucrt:nlsdata.obj
 0002:000016d8       ??_C@_17PDPHAADD@?$AAT?$AAh?$AAu?$AA?$AA@ 000000018000e6d8     libucrt:nlsdata.obj
 0002:000016e0       ??_C@_17HFOLPPLP@?$AAF?$AAr?$AAi?$AA?$AA@ 000000018000e6e0     libucrt:nlsdata.obj
 0002:000016e8       ??_C@_17GGIBDPIH@?$AAS?$AAa?$AAt?$AA?$AA@ 000000018000e6e8     libucrt:nlsdata.obj
 0002:000016f0       ??_C@_1O@IHNHDHPB@?$AAS?$AAu?$AAn?$AAd?$AAa?$AAy?$AA?$AA@ 000000018000e6f0     libucrt:nlsdata.obj
 0002:00001700       ??_C@_1O@MMNBFLIA@?$AAM?$AAo?$AAn?$AAd?$AAa?$AAy?$AA?$AA@ 000000018000e700     libucrt:nlsdata.obj
 0002:00001710       ??_C@_1BA@ENFBFFEK@?$AAT?$AAu?$AAe?$AAs?$AAd?$AAa?$AAy?$AA?$AA@ 000000018000e710     libucrt:nlsdata.obj
 0002:00001720       ??_C@_1BE@EBOGMDOH@?$AAW?$AAe?$AAd?$AAn?$AAe?$AAs?$AAd?$AAa?$AAy?$AA?$AA@ 000000018000e720     libucrt:nlsdata.obj
 0002:00001738       ??_C@_1BC@HHMNLIHE@?$AAT?$AAh?$AAu?$AAr?$AAs?$AAd?$AAa?$AAy?$AA?$AA@ 000000018000e738     libucrt:nlsdata.obj
 0002:00001750       ??_C@_1O@PDICJHAG@?$AAF?$AAr?$AAi?$AAd?$AAa?$AAy?$AA?$AA@ 000000018000e750     libucrt:nlsdata.obj
 0002:00001760       ??_C@_1BC@ENMNNPAJ@?$AAS?$AAa?$AAt?$AAu?$AAr?$AAd?$AAa?$AAy?$AA?$AA@ 000000018000e760     libucrt:nlsdata.obj
 0002:00001778       ??_C@_17DKNBKCHM@?$AAJ?$AAa?$AAn?$AA?$AA@ 000000018000e778     libucrt:nlsdata.obj
 0002:00001780       ??_C@_17LMDJEKJN@?$AAF?$AAe?$AAb?$AA?$AA@ 000000018000e780     libucrt:nlsdata.obj
 0002:00001788       ??_C@_17CKNLEDEC@?$AAM?$AAa?$AAr?$AA?$AA@ 000000018000e788     libucrt:nlsdata.obj
 0002:00001790       ??_C@_17LFPOIHDD@?$AAA?$AAp?$AAr?$AA?$AA@ 000000018000e790     libucrt:nlsdata.obj
 0002:00001798       ??_C@_17PNNKMEED@?$AAM?$AAa?$AAy?$AA?$AA@ 000000018000e798     libucrt:nlsdata.obj
 0002:000017a0       ??_C@_17KCJGOCPB@?$AAJ?$AAu?$AAn?$AA?$AA@ 000000018000e7a0     libucrt:nlsdata.obj
 0002:000017a8       ??_C@_17IJPCKHK@?$AAJ?$AAu?$AAl?$AA?$AA@ 000000018000e7a8     libucrt:nlsdata.obj
 0002:000017b0       ??_C@_17ICPELBCN@?$AAA?$AAu?$AAg?$AA?$AA@ 000000018000e7b0     libucrt:nlsdata.obj
 0002:000017b8       ??_C@_17HCHCOKMG@?$AAS?$AAe?$AAp?$AA?$AA@ 000000018000e7b8     libucrt:nlsdata.obj
 0002:000017c0       ??_C@_17FNLKOI@?$AAO?$AAc?$AAt?$AA?$AA@ 000000018000e7c0     libucrt:nlsdata.obj
 0002:000017c8       ??_C@_17BBDMLCIG@?$AAN?$AAo?$AAv?$AA?$AA@ 000000018000e7c8     libucrt:nlsdata.obj
 0002:000017d0       ??_C@_17EGKACKIF@?$AAD?$AAe?$AAc?$AA?$AA@ 000000018000e7d0     libucrt:nlsdata.obj
 0002:000017d8       ??_C@_1BA@EFMEIEBA@?$AAJ?$AAa?$AAn?$AAu?$AAa?$AAr?$AAy?$AA?$AA@ 000000018000e7d8     libucrt:nlsdata.obj
 0002:000017e8       ??_C@_1BC@JGDDFFAM@?$AAF?$AAe?$AAb?$AAr?$AAu?$AAa?$AAr?$AAy?$AA?$AA@ 000000018000e7e8     libucrt:nlsdata.obj
 0002:00001800       ??_C@_1M@IKEENEDF@?$AAM?$AAa?$AAr?$AAc?$AAh?$AA?$AA@ 000000018000e800     libucrt:nlsdata.obj
 0002:00001810       ??_C@_1M@GJNLMHFD@?$AAA?$AAp?$AAr?$AAi?$AAl?$AA?$AA@ 000000018000e810     libucrt:nlsdata.obj
 0002:00001820       ??_C@_19EPFLPGAP@?$AAJ?$AAu?$AAn?$AAe?$AA?$AA@ 000000018000e820     libucrt:nlsdata.obj
 0002:00001830       ??_C@_19BIFMLPCD@?$AAJ?$AAu?$AAl?$AAy?$AA?$AA@ 000000018000e830     libucrt:nlsdata.obj
 0002:00001840       ??_C@_1O@PAHLKOAC@?$AAA?$AAu?$AAg?$AAu?$AAs?$AAt?$AA?$AA@ 000000018000e840     libucrt:nlsdata.obj
 0002:00001850       ??_C@_1BE@DKAAMBJL@?$AAS?$AAe?$AAp?$AAt?$AAe?$AAm?$AAb?$AAe?$AAr?$AA?$AA@ 000000018000e850     libucrt:nlsdata.obj
 0002:00001868       ??_C@_1BA@EPANDLNG@?$AAO?$AAc?$AAt?$AAo?$AAb?$AAe?$AAr?$AA?$AA@ 000000018000e868     libucrt:nlsdata.obj
 0002:00001878       ??_C@_1BC@BGLIFPF@?$AAN?$AAo?$AAv?$AAe?$AAm?$AAb?$AAe?$AAr?$AA?$AA@ 000000018000e878     libucrt:nlsdata.obj
 0002:00001890       ??_C@_1BC@FEMKIFH@?$AAD?$AAe?$AAc?$AAe?$AAm?$AAb?$AAe?$AAr?$AA?$AA@ 000000018000e890     libucrt:nlsdata.obj
 0002:000018a4       ??_C@_15ODEHAHHF@?$AAA?$AAM?$AA?$AA@ 000000018000e8a4     libucrt:nlsdata.obj
 0002:000018ac       ??_C@_15CLMNNGEL@?$AAP?$AAM?$AA?$AA@ 000000018000e8ac     libucrt:nlsdata.obj
 0002:000018b8       ??_C@_1BC@IEBCMHCM@?$AAM?$AAM?$AA?1?$AAd?$AAd?$AA?1?$AAy?$AAy?$AA?$AA@ 000000018000e8b8     libucrt:nlsdata.obj
 0002:000018d0       ??_C@_1CI@KNAKOEBC@?$AAd?$AAd?$AAd?$AAd?$AA?0?$AA?5?$AAM?$AAM?$AAM?$AAM?$AA?5?$AAd?$AAd?$AA?0?$AA?5?$AAy?$AAy?$AAy?$AAy?$AA?$AA@ 000000018000e8d0     libucrt:nlsdata.obj
 0002:000018f8       ??_C@_1BC@GDGBMEMK@?$AAH?$AAH?$AA?3?$AAm?$AAm?$AA?3?$AAs?$AAs?$AA?$AA@ 000000018000e8f8     libucrt:nlsdata.obj
 0002:00001910       ??_C@_1M@BMHNFIME@?$AAe?$AAn?$AA?9?$AAU?$AAS?$AA?$AA@ 000000018000e910     libucrt:nlsdata.obj
 0002:00001940       ??_C@_1M@HPNHIDJI@?$AAj?$AAa?$AA?9?$AAJ?$AAP?$AA?$AA@ 000000018000e940     libucrt:mbctype.obj
 0002:00001950       ??_C@_1M@BIBDDEMK@?$AAz?$AAh?$AA?9?$AAC?$AAN?$AA?$AA@ 000000018000e950     libucrt:mbctype.obj
 0002:00001960       ??_C@_1M@JLOOOEGK@?$AAk?$AAo?$AA?9?$AAK?$AAR?$AA?$AA@ 000000018000e960     libucrt:mbctype.obj
 0002:00001970       ??_C@_1M@CLNBBOPM@?$AAz?$AAh?$AA?9?$AAT?$AAW?$AA?$AA@ 000000018000e970     libucrt:mbctype.obj
 0002:00001a20       ??_C@_1EA@JGEFHKEI@?$AAa?$AAp?$AAi?$AA?9?$AAm?$AAs?$AA?9?$AAw?$AAi?$AAn?$AA?9?$AAc?$AAo?$AAr?$AAe?$AA?9?$AAd?$AAa?$AAt?$AAe?$AAt?$AAi?$AAm?$AAe?$AA?9?$AAl?$AA1?$AA?9?$AA1?$AA?9?$AA1?$AA?$AA@ 000000018000ea20     libucrt:winapi_thunks.obj
 0002:00001a60       ??_C@_1DI@IJCEHOCB@?$AAa?$AAp?$AAi?$AA?9?$AAm?$AAs?$AA?9?$AAw?$AAi?$AAn?$AA?9?$AAc?$AAo?$AAr?$AAe?$AA?9?$AAf?$AAi?$AAl?$AAe?$AA?9?$AAl?$AA1?$AA?9?$AA2?$AA?9?$AA2?$AA?$AA@ 000000018000ea60     libucrt:winapi_thunks.obj
 0002:00001aa0       ??_C@_1EI@MPIAOHOC@?$AAa?$AAp?$AAi?$AA?9?$AAm?$AAs?$AA?9?$AAw?$AAi?$AAn?$AA?9?$AAc?$AAo?$AAr?$AAe?$AA?9?$AAl?$AAo?$AAc?$AAa?$AAl?$AAi?$AAz?$AAa?$AAt?$AAi?$AAo?$AAn?$AA?9?$AAl?$AA1?$AA?9@ 000000018000eaa0     libucrt:winapi_thunks.obj
 0002:00001af0       ??_C@_1FK@FPHCKFIE@?$AAa?$AAp?$AAi?$AA?9?$AAm?$AAs?$AA?9?$AAw?$AAi?$AAn?$AA?9?$AAc?$AAo?$AAr?$AAe?$AA?9?$AAl?$AAo?$AAc?$AAa?$AAl?$AAi?$AAz?$AAa?$AAt?$AAi?$AAo?$AAn?$AA?9?$AAo?$AAb?$AAs@ 000000018000eaf0     libucrt:winapi_thunks.obj
 0002:00001b50       ??_C@_1EM@DILCGIIO@?$AAa?$AAp?$AAi?$AA?9?$AAm?$AAs?$AA?9?$AAw?$AAi?$AAn?$AA?9?$AAc?$AAo?$AAr?$AAe?$AA?9?$AAp?$AAr?$AAo?$AAc?$AAe?$AAs?$AAs?$AAt?$AAh?$AAr?$AAe?$AAa?$AAd?$AAs?$AA?9?$AAl@ 000000018000eb50     libucrt:winapi_thunks.obj
 0002:00001ba0       ??_C@_1DM@LNCGDDPN@?$AAa?$AAp?$AAi?$AA?9?$AAm?$AAs?$AA?9?$AAw?$AAi?$AAn?$AA?9?$AAc?$AAo?$AAr?$AAe?$AA?9?$AAs?$AAt?$AAr?$AAi?$AAn?$AAg?$AA?9?$AAl?$AA1?$AA?9?$AA1?$AA?9?$AA0?$AA?$AA@ 000000018000eba0     libucrt:winapi_thunks.obj
 0002:00001be0       ??_C@_1DO@FPAPJEMD@?$AAa?$AAp?$AAi?$AA?9?$AAm?$AAs?$AA?9?$AAw?$AAi?$AAn?$AA?9?$AAc?$AAo?$AAr?$AAe?$AA?9?$AAs?$AAy?$AAs?$AAi?$AAn?$AAf?$AAo?$AA?9?$AAl?$AA1?$AA?9?$AA2?$AA?9?$AA1?$AA?$AA@ 000000018000ebe0     libucrt:winapi_thunks.obj
 0002:00001c20       ??_C@_1DK@NDHNAHIO@?$AAa?$AAp?$AAi?$AA?9?$AAm?$AAs?$AA?9?$AAw?$AAi?$AAn?$AA?9?$AAc?$AAo?$AAr?$AAe?$AA?9?$AAw?$AAi?$AAn?$AAr?$AAt?$AA?9?$AAl?$AA1?$AA?9?$AA1?$AA?9?$AA0?$AA?$AA@ 000000018000ec20     libucrt:winapi_thunks.obj
 0002:00001c60       ??_C@_1DM@KGHDGBCM@?$AAa?$AAp?$AAi?$AA?9?$AAm?$AAs?$AA?9?$AAw?$AAi?$AAn?$AA?9?$AAc?$AAo?$AAr?$AAe?$AA?9?$AAx?$AAs?$AAt?$AAa?$AAt?$AAe?$AA?9?$AAl?$AA2?$AA?9?$AA1?$AA?9?$AA0?$AA?$AA@ 000000018000ec60     libucrt:winapi_thunks.obj
 0002:00001ca0       ??_C@_1EO@IJIOEFOH@?$AAa?$AAp?$AAi?$AA?9?$AAm?$AAs?$AA?9?$AAw?$AAi?$AAn?$AA?9?$AAr?$AAt?$AAc?$AAo?$AAr?$AAe?$AA?9?$AAn?$AAt?$AAu?$AAs?$AAe?$AAr?$AA?9?$AAw?$AAi?$AAn?$AAd?$AAo?$AAw?$AA?9@ 000000018000eca0     libucrt:winapi_thunks.obj
 0002:00001cf0       ??_C@_1FG@HHGEKANL@?$AAa?$AAp?$AAi?$AA?9?$AAm?$AAs?$AA?9?$AAw?$AAi?$AAn?$AA?9?$AAs?$AAe?$AAc?$AAu?$AAr?$AAi?$AAt?$AAy?$AA?9?$AAs?$AAy?$AAs?$AAt?$AAe?$AAm?$AAf?$AAu?$AAn?$AAc?$AAt?$AAi@ 000000018000ecf0     libucrt:winapi_thunks.obj
 0002:00001d50       ??_C@_1EG@DBIOJECG@?$AAe?$AAx?$AAt?$AA?9?$AAm?$AAs?$AA?9?$AAw?$AAi?$AAn?$AA?9?$AAn?$AAt?$AAu?$AAs?$AAe?$AAr?$AA?9?$AAd?$AAi?$AAa?$AAl?$AAo?$AAg?$AAb?$AAo?$AAx?$AA?9?$AAl?$AA1?$AA?9?$AA1@ 000000018000ed50     libucrt:winapi_thunks.obj
 0002:00001da0       ??_C@_1EO@FIHMJCLF@?$AAe?$AAx?$AAt?$AA?9?$AAm?$AAs?$AA?9?$AAw?$AAi?$AAn?$AA?9?$AAn?$AAt?$AAu?$AAs?$AAe?$AAr?$AA?9?$AAw?$AAi?$AAn?$AAd?$AAo?$AAw?$AAs?$AAt?$AAa?$AAt?$AAi?$AAo?$AAn?$AA?9@ 000000018000eda0     libucrt:winapi_thunks.obj
 0002:00001df0       ??_C@_1BC@DNHGCMLG@?$AAa?$AAd?$AAv?$AAa?$AAp?$AAi?$AA3?$AA2?$AA?$AA@ 000000018000edf0     libucrt:winapi_thunks.obj
 0002:00001e08       ??_C@_1M@OAIMIKLP@?$AAn?$AAt?$AAd?$AAl?$AAl?$AA?$AA@ 000000018000ee08     libucrt:winapi_thunks.obj
 0002:00001e20       ??_C@_1EG@DPGNFKGC@?$AAa?$AAp?$AAi?$AA?9?$AAm?$AAs?$AA?9?$AAw?$AAi?$AAn?$AA?9?$AAa?$AAp?$AAp?$AAm?$AAo?$AAd?$AAe?$AAl?$AA?9?$AAr?$AAu?$AAn?$AAt?$AAi?$AAm?$AAe?$AA?9?$AAl?$AA1?$AA?9?$AA1@ 000000018000ee20     libucrt:winapi_thunks.obj
 0002:00001e68       ??_C@_1O@BCCLBEOE@?$AAu?$AAs?$AAe?$AAr?$AA3?$AA2?$AA?$AA@ 000000018000ee68     libucrt:winapi_thunks.obj
 0002:00001ea8       ??_C@_0O@KKBNKAPF@LCMapStringEx?$AA@ 000000018000eea8     libucrt:winapi_thunks.obj
 0002:00001ec0       ??_C@_0BB@HBDEELFH@LocaleNameToLCID?$AA@ 000000018000eec0     libucrt:winapi_thunks.obj
 0002:00001ed8       ??_C@_0CF@OJOFEIGO@AppPolicyGetProcessTerminationMe@ 000000018000eed8     libucrt:winapi_thunks.obj
 0002:00001f00       __newctype                 000000018000ef00     libucrt:ctype.obj
 0002:00002200       __newclmap                 000000018000f200     libucrt:ctype.obj
 0002:00002380       __newcumap                 000000018000f380     libucrt:ctype.obj
 0002:00002500       ??_C@_15PJPFLCCM@?$AAu?$AAk?$AA?$AA@ 000000018000f500     libucrt:get_qualified_locale.obj
 0002:00002508       ??_C@_1M@BJNKEDC@?$AAc?$AAa?$AA?9?$AAE?$AAS?$AA?$AA@ 000000018000f508     libucrt:lcidtoname_downlevel.obj
 0002:00002518       ??_C@_1M@IJJHFJHA@?$AAc?$AAs?$AA?9?$AAC?$AAZ?$AA?$AA@ 000000018000f518     libucrt:lcidtoname_downlevel.obj
 0002:00002528       ??_C@_1M@CLPEOBGI@?$AAd?$AAa?$AA?9?$AAD?$AAK?$AA?$AA@ 000000018000f528     libucrt:lcidtoname_downlevel.obj
 0002:00002538       ??_C@_1M@MCMADGCB@?$AAd?$AAe?$AA?9?$AAD?$AAE?$AA?$AA@ 000000018000f538     libucrt:lcidtoname_downlevel.obj
 0002:00002548       ??_C@_1M@OOCKEMAM@?$AAe?$AAl?$AA?9?$AAG?$AAR?$AA?$AA@ 000000018000f548     libucrt:lcidtoname_downlevel.obj
 0002:00002558       ??_C@_1M@DDNJFGID@?$AAf?$AAi?$AA?9?$AAF?$AAI?$AA?$AA@ 000000018000f558     libucrt:lcidtoname_downlevel.obj
 0002:00002568       ??_C@_1M@GLIPPMAC@?$AAf?$AAr?$AA?9?$AAF?$AAR?$AA?$AA@ 000000018000f568     libucrt:lcidtoname_downlevel.obj
 0002:00002578       ??_C@_1M@GFMCHPE@?$AAh?$AAe?$AA?9?$AAI?$AAL?$AA?$AA@ 000000018000f578     libucrt:lcidtoname_downlevel.obj
 0002:00002588       ??_C@_1M@MHLPGNKM@?$AAh?$AAu?$AA?9?$AAH?$AAU?$AA?$AA@ 000000018000f588     libucrt:lcidtoname_downlevel.obj
 0002:00002598       ??_C@_1M@LPDDNNPN@?$AAi?$AAs?$AA?9?$AAI?$AAS?$AA?$AA@ 000000018000f598     libucrt:lcidtoname_downlevel.obj
 0002:000025a8       ??_C@_1M@MADIPODN@?$AAi?$AAt?$AA?9?$AAI?$AAT?$AA?$AA@ 000000018000f5a8     libucrt:lcidtoname_downlevel.obj
 0002:000025b8       ??_C@_1M@IHBJJGG@?$AAn?$AAl?$AA?9?$AAN?$AAL?$AA?$AA@ 000000018000f5b8     libucrt:lcidtoname_downlevel.obj
 0002:000025c8       ??_C@_1M@EANAGDL@?$AAn?$AAb?$AA?9?$AAN?$AAO?$AA?$AA@ 000000018000f5c8     libucrt:lcidtoname_downlevel.obj
 0002:000025d8       ??_C@_1M@NEIEMEGP@?$AAp?$AAl?$AA?9?$AAP?$AAL?$AA?$AA@ 000000018000f5d8     libucrt:lcidtoname_downlevel.obj
 0002:000025e8       ??_C@_1M@BOCFIGEP@?$AAp?$AAt?$AA?9?$AAB?$AAR?$AA?$AA@ 000000018000f5e8     libucrt:lcidtoname_downlevel.obj
 0002:000025f8       ??_C@_1M@IMPFOPBG@?$AAr?$AAo?$AA?9?$AAR?$AAO?$AA?$AA@ 000000018000f5f8     libucrt:lcidtoname_downlevel.obj
 0002:00002608       ??_C@_1M@IDNNEJMM@?$AAr?$AAu?$AA?9?$AAR?$AAU?$AA?$AA@ 000000018000f608     libucrt:lcidtoname_downlevel.obj
 0002:00002618       ??_C@_1M@LILEEOGM@?$AAh?$AAr?$AA?9?$AAH?$AAR?$AA?$AA@ 000000018000f618     libucrt:lcidtoname_downlevel.obj
 0002:00002628       ??_C@_1M@FKIFEHPB@?$AAs?$AAk?$AA?9?$AAS?$AAK?$AA?$AA@ 000000018000f628     libucrt:lcidtoname_downlevel.obj
 0002:00002638       ??_C@_1M@LJMAMNPJ@?$AAs?$AAq?$AA?9?$AAA?$AAL?$AA?$AA@ 000000018000f638     libucrt:lcidtoname_downlevel.obj
 0002:00002648       ??_C@_1M@GIAKDKJK@?$AAs?$AAv?$AA?9?$AAS?$AAE?$AA?$AA@ 000000018000f648     libucrt:lcidtoname_downlevel.obj
 0002:00002658       ??_C@_1M@MKJKIKCL@?$AAt?$AAh?$AA?9?$AAT?$AAH?$AA?$AA@ 000000018000f658     libucrt:lcidtoname_downlevel.obj
 0002:00002668       ??_C@_1M@MFLCCMPB@?$AAt?$AAr?$AA?9?$AAT?$AAR?$AA?$AA@ 000000018000f668     libucrt:lcidtoname_downlevel.obj
 0002:00002678       ??_C@_1M@OIJHDKJN@?$AAu?$AAr?$AA?9?$AAP?$AAK?$AA?$AA@ 000000018000f678     libucrt:lcidtoname_downlevel.obj
 0002:00002688       ??_C@_1M@LHIPCIEK@?$AAi?$AAd?$AA?9?$AAI?$AAD?$AA?$AA@ 000000018000f688     libucrt:lcidtoname_downlevel.obj
 0002:00002698       ??_C@_1M@MFMOBGI@?$AAu?$AAk?$AA?9?$AAU?$AAA?$AA?$AA@ 000000018000f698     libucrt:lcidtoname_downlevel.obj
 0002:000026a8       ??_C@_1M@OBGLJIPL@?$AAb?$AAe?$AA?9?$AAB?$AAY?$AA?$AA@ 000000018000f6a8     libucrt:lcidtoname_downlevel.obj
 0002:000026b8       ??_C@_1M@BCFAJEAD@?$AAs?$AAl?$AA?9?$AAS?$AAI?$AA?$AA@ 000000018000f6b8     libucrt:lcidtoname_downlevel.obj
 0002:000026c8       ??_C@_1M@FKFFEDDN@?$AAe?$AAt?$AA?9?$AAE?$AAE?$AA?$AA@ 000000018000f6c8     libucrt:lcidtoname_downlevel.obj
 0002:000026d8       ??_C@_1M@KGKKAACI@?$AAl?$AAv?$AA?9?$AAL?$AAV?$AA?$AA@ 000000018000f6d8     libucrt:lcidtoname_downlevel.obj
 0002:000026e8       ??_C@_1M@IFGBIJO@?$AAl?$AAt?$AA?9?$AAL?$AAT?$AA?$AA@ 000000018000f6e8     libucrt:lcidtoname_downlevel.obj
 0002:000026f8       ??_C@_1M@FGEAHEDM@?$AAf?$AAa?$AA?9?$AAI?$AAR?$AA?$AA@ 000000018000f6f8     libucrt:lcidtoname_downlevel.obj
 0002:00002708       ??_C@_1M@KBMAIBFN@?$AAv?$AAi?$AA?9?$AAV?$AAN?$AA?$AA@ 000000018000f708     libucrt:lcidtoname_downlevel.obj
 0002:00002718       ??_C@_1M@GPCBKDJK@?$AAh?$AAy?$AA?9?$AAA?$AAM?$AA?$AA@ 000000018000f718     libucrt:lcidtoname_downlevel.obj
 0002:00002728       ??_C@_1BG@BECMDDJB@?$AAa?$AAz?$AA?9?$AAA?$AAZ?$AA?9?$AAL?$AAa?$AAt?$AAn?$AA?$AA@ 000000018000f728     libucrt:lcidtoname_downlevel.obj
 0002:00002740       ??_C@_1M@MAOFCAEA@?$AAe?$AAu?$AA?9?$AAE?$AAS?$AA?$AA@ 000000018000f740     libucrt:lcidtoname_downlevel.obj
 0002:00002750       ??_C@_1M@IGHABKPI@?$AAm?$AAk?$AA?9?$AAM?$AAK?$AA?$AA@ 000000018000f750     libucrt:lcidtoname_downlevel.obj
 0002:00002760       ??_C@_1M@IAIGNEJG@?$AAt?$AAn?$AA?9?$AAZ?$AAA?$AA?$AA@ 000000018000f760     libucrt:lcidtoname_downlevel.obj
 0002:00002770       ??_C@_1M@IIJCOJFA@?$AAx?$AAh?$AA?9?$AAZ?$AAA?$AA?$AA@ 000000018000f770     libucrt:lcidtoname_downlevel.obj
 0002:00002780       ??_C@_1M@LGPJHNJH@?$AAz?$AAu?$AA?9?$AAZ?$AAA?$AA?$AA@ 000000018000f780     libucrt:lcidtoname_downlevel.obj
 0002:00002790       ??_C@_1M@HOKAOIO@?$AAa?$AAf?$AA?9?$AAZ?$AAA?$AA?$AA@ 000000018000f790     libucrt:lcidtoname_downlevel.obj
 0002:000027a0       ??_C@_1M@DPCLHLIE@?$AAk?$AAa?$AA?9?$AAG?$AAE?$AA?$AA@ 000000018000f7a0     libucrt:lcidtoname_downlevel.obj
 0002:000027b0       ??_C@_1M@BLKMHJBI@?$AAf?$AAo?$AA?9?$AAF?$AAO?$AA?$AA@ 000000018000f7b0     libucrt:lcidtoname_downlevel.obj
 0002:000027c0       ??_C@_1M@LGGJAPPB@?$AAh?$AAi?$AA?9?$AAI?$AAN?$AA?$AA@ 000000018000f7c0     libucrt:lcidtoname_downlevel.obj
 0002:000027d0       ??_C@_1M@FIKPIHFE@?$AAm?$AAt?$AA?9?$AAM?$AAT?$AA?$AA@ 000000018000f7d0     libucrt:lcidtoname_downlevel.obj
 0002:000027e0       ??_C@_1M@HEGGPBFA@?$AAs?$AAe?$AA?9?$AAN?$AAO?$AA?$AA@ 000000018000f7e0     libucrt:lcidtoname_downlevel.obj
 0002:000027f0       ??_C@_1M@EIBJEEPA@?$AAm?$AAs?$AA?9?$AAM?$AAY?$AA?$AA@ 000000018000f7f0     libucrt:lcidtoname_downlevel.obj
 0002:00002800       ??_C@_1M@FHLBGMPP@?$AAk?$AAk?$AA?9?$AAK?$AAZ?$AA?$AA@ 000000018000f800     libucrt:lcidtoname_downlevel.obj
 0002:00002810       ??_C@_1M@NGJJLCGI@?$AAk?$AAy?$AA?9?$AAK?$AAG?$AA?$AA@ 000000018000f810     libucrt:lcidtoname_downlevel.obj
 0002:00002820       ??_C@_1M@GIENNBFC@?$AAs?$AAw?$AA?9?$AAK?$AAE?$AA?$AA@ 000000018000f820     libucrt:lcidtoname_downlevel.obj
 0002:00002830       ??_C@_1BG@NDGMJIMJ@?$AAu?$AAz?$AA?9?$AAU?$AAZ?$AA?9?$AAL?$AAa?$AAt?$AAn?$AA?$AA@ 000000018000f830     libucrt:lcidtoname_downlevel.obj
 0002:00002848       ??_C@_1M@IDCCIHBC@?$AAt?$AAt?$AA?9?$AAR?$AAU?$AA?$AA@ 000000018000f848     libucrt:lcidtoname_downlevel.obj
 0002:00002858       ??_C@_1M@LOICPMOJ@?$AAb?$AAn?$AA?9?$AAI?$AAN?$AA?$AA@ 000000018000f858     libucrt:lcidtoname_downlevel.obj
 0002:00002868       ??_C@_1M@KPKKNEAH@?$AAp?$AAa?$AA?9?$AAI?$AAN?$AA?$AA@ 000000018000f868     libucrt:lcidtoname_downlevel.obj
 0002:00002878       ??_C@_1M@PJGPPBOG@?$AAg?$AAu?$AA?9?$AAI?$AAN?$AA?$AA@ 000000018000f878     libucrt:lcidtoname_downlevel.obj
 0002:00002888       ??_C@_1M@KMKMOPHI@?$AAt?$AAa?$AA?9?$AAI?$AAN?$AA?$AA@ 000000018000f888     libucrt:lcidtoname_downlevel.obj
 0002:00002898       ??_C@_1M@KFEHEPAC@?$AAt?$AAe?$AA?9?$AAI?$AAN?$AA?$AA@ 000000018000f898     libucrt:lcidtoname_downlevel.obj
 0002:000028a8       ??_C@_1M@CDCLMGHI@?$AAk?$AAn?$AA?9?$AAI?$AAN?$AA?$AA@ 000000018000f8a8     libucrt:lcidtoname_downlevel.obj
 0002:000028b8       ??_C@_1M@MIODLDKF@?$AAm?$AAl?$AA?9?$AAI?$AAN?$AA?$AA@ 000000018000f8b8     libucrt:lcidtoname_downlevel.obj
 0002:000028c8       ??_C@_1M@PBIEACPO@?$AAm?$AAr?$AA?9?$AAI?$AAN?$AA?$AA@ 000000018000f8c8     libucrt:lcidtoname_downlevel.obj
 0002:000028d8       ??_C@_1M@NIDEAGPH@?$AAs?$AAa?$AA?9?$AAI?$AAN?$AA?$AA@ 000000018000f8d8     libucrt:lcidtoname_downlevel.obj
 0002:000028e8       ??_C@_1M@FHIHCBIO@?$AAm?$AAn?$AA?9?$AAM?$AAN?$AA?$AA@ 000000018000f8e8     libucrt:lcidtoname_downlevel.obj
 0002:000028f8       ??_C@_1M@JAIJPENP@?$AAc?$AAy?$AA?9?$AAG?$AAB?$AA?$AA@ 000000018000f8f8     libucrt:lcidtoname_downlevel.obj
 0002:00002908       ??_C@_1M@PHGFBEPN@?$AAg?$AAl?$AA?9?$AAE?$AAS?$AA?$AA@ 000000018000f908     libucrt:lcidtoname_downlevel.obj
 0002:00002918       ??_C@_1O@KPIPDNCP@?$AAk?$AAo?$AAk?$AA?9?$AAI?$AAN?$AA?$AA@ 000000018000f918     libucrt:lcidtoname_downlevel.obj
 0002:00002928       ??_C@_1O@KNHJLDJA@?$AAs?$AAy?$AAr?$AA?9?$AAS?$AAY?$AA?$AA@ 000000018000f928     libucrt:lcidtoname_downlevel.obj
 0002:00002938       ??_C@_1O@MKEKBLAH@?$AAd?$AAi?$AAv?$AA?9?$AAM?$AAV?$AA?$AA@ 000000018000f938     libucrt:lcidtoname_downlevel.obj
 0002:00002948       ??_C@_1O@OHDCKDDF@?$AAq?$AAu?$AAz?$AA?9?$AAB?$AAO?$AA?$AA@ 000000018000f948     libucrt:lcidtoname_downlevel.obj
 0002:00002958       ??_C@_1M@LEPJNLFD@?$AAn?$AAs?$AA?9?$AAZ?$AAA?$AA?$AA@ 000000018000f958     libucrt:lcidtoname_downlevel.obj
 0002:00002968       ??_C@_1M@OMLEIIJB@?$AAm?$AAi?$AA?9?$AAN?$AAZ?$AA?$AA@ 000000018000f968     libucrt:lcidtoname_downlevel.obj
 0002:00002978       ??_C@_1M@PMPEAILG@?$AAa?$AAr?$AA?9?$AAI?$AAQ?$AA?$AA@ 000000018000f978     libucrt:lcidtoname_downlevel.obj
 0002:00002988       ??_C@_1M@CNKPNOEE@?$AAd?$AAe?$AA?9?$AAC?$AAH?$AA?$AA@ 000000018000f988     libucrt:lcidtoname_downlevel.obj
 0002:00002998       ??_C@_1M@LKMGMLKO@?$AAe?$AAn?$AA?9?$AAG?$AAB?$AA?$AA@ 000000018000f998     libucrt:lcidtoname_downlevel.obj
 0002:000029a8       ??_C@_1M@PGKJFFGL@?$AAe?$AAs?$AA?9?$AAM?$AAX?$AA?$AA@ 000000018000f9a8     libucrt:lcidtoname_downlevel.obj
 0002:000029b8       ??_C@_1M@DNNANBDC@?$AAf?$AAr?$AA?9?$AAB?$AAE?$AA?$AA@ 000000018000f9b8     libucrt:lcidtoname_downlevel.obj
 0002:000029c8       ??_C@_1M@HLGMDFHM@?$AAi?$AAt?$AA?9?$AAC?$AAH?$AA?$AA@ 000000018000f9c8     libucrt:lcidtoname_downlevel.obj
 0002:000029d8       ??_C@_1M@CLLBGJH@?$AAn?$AAl?$AA?9?$AAB?$AAE?$AA?$AA@ 000000018000f9d8     libucrt:lcidtoname_downlevel.obj
[...]
 0004:00000858       $pdata$?getSystemCP@@YAHH@Z 0000000180019858     libucrt:mbctype.obj
 0004:00000864       $pdata$?setSBCS@@YAXPEAU__crt_multibyte_data@@@Z 0000000180019864     libucrt:mbctype.obj
 0004:00000870       $pdata$?setSBUpLow@@YAXPEAU__crt_multibyte_data@@@Z 0000000180019870     libucrt:mbctype.obj
 0004:0000087c       $pdata$?setmbcp_internal@@YAHH_NQEAU__acrt_ptd@@QEAPEAU__crt_multibyte_data@@@Z 000000018001987c     libucrt:mbctype.obj
 0004:00000888       $pdata$?update_thread_multibyte_data_internal@@YAPEAU__crt_multibyte_data@@QEAU__acrt_ptd@@QEAPEAU1@@Z 0000000180019888     libucrt:mbctype.obj
 0004:00000894       $pdata$__acrt_initialize_multibyte 0000000180019894     libucrt:mbctype.obj
 0004:000008a0       $pdata$__acrt_update_thread_multibyte_data 00000001800198a0     libucrt:mbctype.obj
 0004:000008ac       $pdata$_setmbcp_nolock     00000001800198ac     libucrt:mbctype.obj
 0004:000008b8       $pdata$?x_ismbbtype_l@@YAHPEAU__crt_locale_pointers@@IHH@Z 00000001800198b8     libucrt:ismbbyte.obj
 0004:000008c4       $pdata$__acrt_initialize_command_line 00000001800198c4     libucrt:argv_data.obj
 0004:000008d0       $pdata$__dcrt_get_narrow_environment_from_os 00000001800198d0     libucrt:get_environment_from_os.obj
 0004:000008dc       $pdata$_recalloc_base      00000001800198dc     libucrt:recalloc.obj
 0004:000008e8       $pdata$?try_get_function@@YAPEAXW4function_id@?A0x391cf84c@@QEBDQEBW4module_id@2@2@Z 00000001800198e8     libucrt:winapi_thunks.obj
 0004:000008f4       $pdata$__acrt_AppPolicyGetProcessTerminationMethodInternal 00000001800198f4     libucrt:winapi_thunks.obj
 0004:00000900       $pdata$__acrt_FlsAlloc     0000000180019900     libucrt:winapi_thunks.obj
 0004:0000090c       $pdata$__acrt_FlsFree      000000018001990c     libucrt:winapi_thunks.obj
 0004:00000918       $pdata$__acrt_FlsGetValue  0000000180019918     libucrt:winapi_thunks.obj
 0004:00000924       $pdata$__acrt_FlsSetValue  0000000180019924     libucrt:winapi_thunks.obj
 0004:00000930       $pdata$__acrt_InitializeCriticalSectionEx 0000000180019930     libucrt:winapi_thunks.obj
 0004:0000093c       $pdata$__acrt_LCMapStringEx 000000018001993c     libucrt:winapi_thunks.obj
 0004:00000948       $pdata$__acrt_LocaleNameToLCID 0000000180019948     libucrt:winapi_thunks.obj
 0004:00000954       $pdata$__acrt_initialize_winapi_thunks 0000000180019954     libucrt:winapi_thunks.obj
 0004:00000960       $pdata$__acrt_uninitialize_winapi_thunks 0000000180019960     libucrt:winapi_thunks.obj
 0004:0000096c       $pdata$__acrt_initialize_heap 000000018001996c     libucrt:heap_handle.obj
 0004:00000978       $pdata$?initialize_inherited_file_handles_nolock@@YAXXZ 0000000180019978     libucrt:ioinit.obj
 0004:00000984       $pdata$?initialize_stdio_handles_nolock@@YAXXZ 0000000180019984     libucrt:ioinit.obj
 0004:00000990       $pdata$__acrt_initialize_lowio 0000000180019990     libucrt:ioinit.obj
 0004:0000099c       $pdata$__acrt_uninitialize_lowio 000000018001999c     libucrt:ioinit.obj
 0004:000009a8       $pdata$__acrt_execute_initializers 00000001800199a8     libucrt:shared_initialization.obj
 0004:000009b4       $pdata$__acrt_execute_uninitializers 00000001800199b4     libucrt:shared_initialization.obj
 0004:000009c0       $pdata$??$?RV<lambda_450d765d439847d4c735a33c368b5fc0>@@AEAV<lambda_44731a7d0e6d81c3e6aa82d741081786>@@V<lambda_601a2a7da3b7a96e9554ac7215c4b07c>@@@?$__crt_seh_guarded_call@P6AXH@Z@@QEAAP6AXH@Z$$QEAV<lambda_450d765d439847d4c735a33c368b5fc0>@@AEAV<lambda_44731a7d0e6d81c3e6aa82d741081786>@@$$QEAV<lambda_601a2a7da3b7a96e9554ac7215c4b07c>@@@Z 00000001800199c0     libucrt:signal.obj
 0004:000009cc       $pdata$__acrt_get_sigabrt_handler 00000001800199cc     libucrt:signal.obj
 0004:000009d8       $pdata$raise               00000001800199d8     libucrt:signal.obj
 0004:000009e4       $pdata$??$?RV<lambda_842d9ff0dc9ef11c61343bbaebe7f885>@@AEAV<lambda_c5860995281e5c4ce005b3de8f5874ee>@@V<lambda_d90129c13df834fdcbf8d2b88dafcf2d>@@@?$__crt_seh_guarded_call@X@@QEAAX$$QEAV<lambda_842d9ff0dc9ef11c61343bbaebe7f885>@@AEAV<lambda_c5860995281e5c4ce005b3de8f5874ee>@@$$QEAV<lambda_d90129c13df834fdcbf8d2b88dafcf2d>@@@Z 00000001800199e4     libucrt:fflush.obj
 0004:000009f0       $pdata$??$?RV<lambda_886d6c58226a84441f68b9f2b8217b83>@@AEAV<lambda_ab61a845afdef5b7c387490eaf3616ee>@@V<lambda_f7f22ab5edc0698d5f6905b0d3f44752>@@@?$__crt_seh_guarded_call@X@@QEAAX$$QEAV<lambda_886d6c58226a84441f68b9f2b8217b83>@@AEAV<lambda_ab61a845afdef5b7c387490eaf3616ee>@@$$QEAV<lambda_f7f22ab5edc0698d5f6905b0d3f44752>@@@Z 00000001800199f0     libucrt:fflush.obj
 0004:000009fc       $pdata$?common_flush_all@@YAH_N@Z 00000001800199fc     libucrt:fflush.obj
 0004:00000a08       $pdata$__acrt_stdio_flush_nolock 0000000180019a08     libucrt:fflush.obj
 0004:00000a14       $pdata$_fflush_nolock      0000000180019a14     libucrt:fflush.obj
 0004:00000a20       $pdata$__acrt_initialize_stdio 0000000180019a20     libucrt:_file.obj
 0004:00000a2c       $pdata$__acrt_uninitialize_stdio 0000000180019a2c     libucrt:_file.obj
 0004:00000a38       $pdata$_mbtowc_l           0000000180019a38     libucrt:mbtowc.obj
 0004:00000a44       $pdata$_fileno             0000000180019a44     libucrt:fileno.obj
 0004:00000a50       $pdata$__pctype_func       0000000180019a50     libucrt:ctype.obj
 0004:00000a5c       $pdata$__acrt_free_locale  0000000180019a5c     libucrt:locale_refcounting.obj
 0004:00000a68       $pdata$__acrt_locale_free_lc_time_if_unreferenced 0000000180019a68     libucrt:locale_refcounting.obj
 0004:00000a74       $pdata$__acrt_release_locale_ref 0000000180019a74     libucrt:locale_refcounting.obj
 0004:00000a80       $pdata$__acrt_update_thread_locale_data 0000000180019a80     libucrt:locale_refcounting.obj
 0004:00000a8c       $pdata$_updatetlocinfoEx_nolock 0000000180019a8c     libucrt:locale_refcounting.obj
 0004:00000a98       $pdata$_isleadbyte_l       0000000180019a98     libucrt:_wctype.obj
 0004:00000aa4       $pdata$?__acrt_LCMapStringA_stat@@YAHPEAU__crt_locale_pointers@@PEB_WKPEBDHPEADHHH@Z 0000000180019aa4     libucrt:lcmapstringa.obj
 0004:00000ab0       $pdata$__acrt_LCMapStringA 0000000180019ab0     libucrt:lcmapstringa.obj
 0004:00000abc       $pdata$__acrt_locale_free_monetary 0000000180019abc     libucrt:initmon.obj
 0004:00000ac8       $pdata$__acrt_locale_free_numeric 0000000180019ac8     libucrt:initnum.obj
 0004:00000ad4       $pdata$?free_crt_array_internal@@YAXQEAPEBX_K@Z 0000000180019ad4     libucrt:inittime.obj
 0004:00000ae0       $pdata$__acrt_locale_free_time 0000000180019ae0     libucrt:inittime.obj
 0004:00000aec       $pdata$__acrt_GetStringTypeA 0000000180019aec     libucrt:getstringtypea.obj
 0004:00000af8       $pdata$qsort               0000000180019af8     libucrt:qsort.obj
 0004:00000b04       $pdata$4$qsort             0000000180019b04     libucrt:qsort.obj
 0004:00000b10       $pdata$5$qsort             0000000180019b10     libucrt:qsort.obj
 0004:00000b1c       $pdata$strncpy_s           0000000180019b1c     libucrt:strncpy_s.obj
 0004:00000b28       $pdata$fallbackMethod      0000000180019b28     libucrt:strpbrk.obj
 0004:00000b34       $pdata$strpbrk             0000000180019b34     libucrt:strpbrk.obj
 0004:00000b40       $pdata$_mbsdec_l           0000000180019b40     libucrt:mbsdec.obj
 0004:00000b4c       $pdata$?initialize_multibyte@@YAHXZ 0000000180019b4c     libucrt:multibyte_initializer.obj
 0004:00000b58       $pdata$_msize_base         0000000180019b58     libucrt:msize.obj
 0004:00000b64       $pdata$_realloc_base       0000000180019b64     libucrt:realloc_base.obj
 0004:00000b70       $pdata$?GetTableIndexFromLocaleName@@YAHPEB_W@Z 0000000180019b70     libucrt:lcidtoname_downlevel.obj
 0004:00000b7c       $pdata$__acrt_DownlevelLocaleNameToLCID 0000000180019b7c     libucrt:lcidtoname_downlevel.obj
 0004:00000b88       $pdata$__acrt_lowio_create_handle_array 0000000180019b88     libucrt:osfinfo.obj
 0004:00000b94       $pdata$__acrt_lowio_destroy_handle_array 0000000180019b94     libucrt:osfinfo.obj
 0004:00000ba0       $pdata$__acrt_lowio_ensure_fh_exists 0000000180019ba0     libucrt:osfinfo.obj
 0004:00000bac       $pdata$_free_osfhnd        0000000180019bac     libucrt:osfinfo.obj
 0004:00000bb8       $pdata$_get_osfhandle      0000000180019bb8     libucrt:osfinfo.obj
 0004:00000bc4       $pdata$??$?RV<lambda_a37b2b86f63e897a80ea819b0eb08c01>@@AEAV<lambda_38ce7e780aa69e748d6df282ebc68efe>@@V<lambda_99fb1378e971ab6e7edea83e3a7a83a2>@@@?$__crt_seh_guarded_call@H@@QEAAH$$QEAV<lambda_a37b2b86f63e897a80ea819b0eb08c01>@@AEAV<lambda_38ce7e780aa69e748d6df282ebc68efe>@@$$QEAV<lambda_99fb1378e971ab6e7edea83e3a7a83a2>@@@Z 0000000180019bc4     libucrt:commit.obj
 0004:00000bd0       $pdata$_commit             0000000180019bd0     libucrt:commit.obj
 0004:00000bdc       $pdata$?write_double_translated_ansi_nolock@@YA?AUwrite_result@?A0x17268360@@HQEBDI@Z 0000000180019bdc     libucrt:write.obj
 0004:00000be8       $pdata$?write_text_ansi_nolock@@YA?AUwrite_result@?A0x17268360@@HQEBDI@Z 0000000180019be8     libucrt:write.obj
 0004:00000bf4       $pdata$?write_text_utf16le_nolock@@YA?AUwrite_result@?A0x17268360@@HQEBDI@Z 0000000180019bf4     libucrt:write.obj
 0004:00000c00       $pdata$?write_text_utf8_nolock@@YA?AUwrite_result@?A0x17268360@@HQEBDI@Z 0000000180019c00     libucrt:write.obj
 0004:00000c0c       $pdata$_write              0000000180019c0c     libucrt:write.obj
 0004:00000c18       $pdata$_write_nolock       0000000180019c18     libucrt:write.obj
 0004:00000c24       $pdata$_fcloseall          0000000180019c24     libucrt:closeall.obj
 0004:00000c30       $pdata$__acrt_stdio_free_buffer_nolock 0000000180019c30     libucrt:_freebuf.obj
 0004:00000c3c       $pdata$_isatty             0000000180019c3c     libucrt:isatty.obj
 0004:00000c48       $pdata$??$common_lseek_nolock@_J@@YA_JH_JH@Z 0000000180019c48     libucrt:lseek.obj
 0004:00000c54       $pdata$_putwch_nolock      0000000180019c54     libucrt:putwch.obj
 0004:00000c60       $pdata$_fclose_nolock      0000000180019c60     libucrt:fclose.obj
 0004:00000c6c       $pdata$fclose              0000000180019c6c     libucrt:fclose.obj
 0004:00000c84       $pdata$__dcrt_lowio_ensure_console_output_initialized 0000000180019c84     libucrt:initcon.obj
 0004:00000c90       $pdata$__dcrt_terminate_console_output 0000000180019c90     libucrt:initcon.obj
 0004:00000c9c       $pdata$__dcrt_write_console_w 0000000180019c9c     libucrt:initcon.obj
 0004:00000ca8       $pdata$??$?RV<lambda_751a882b2c74d4b022dec766aa51a29a>@@AEAV<lambda_628dfdc04ba53c8bfc02c9951375f3f5>@@V<lambda_f6c7be5f7998530c34de24c7437d6b54>@@@?$__crt_seh_guarded_call@H@@QEAAH$$QEAV<lambda_751a882b2c74d4b022dec766aa51a29a>@@AEAV<lambda_628dfdc04ba53c8bfc02c9951375f3f5>@@$$QEAV<lambda_f6c7be5f7998530c34de24c7437d6b54>@@@Z 0000000180019ca8     libucrt:close.obj
 0004:00000cb4       $pdata$_close              0000000180019cb4     libucrt:close.obj
 0004:00000cc0       $pdata$_close_nolock       0000000180019cc0     libucrt:close.obj
 0004:00000ccc       $pdata$_call_matherr       0000000180019ccc     libucrt:libm_error.obj
 0004:00000cd8       $pdata$_exception_enabled  0000000180019cd8     libucrt:libm_error.obj
 0004:00000ce4       $pdata$_handle_error       0000000180019ce4     libucrt:libm_error.obj
 0004:00000cf0       $pdata$__acrt_initialize_fma3 0000000180019cf0     libucrt:fma3_available.obj
 0004:00000cfc       $pdata$_log10_special      0000000180019cfc     libucrt:log_special.obj
 0004:00000d08       $pdata$_log_special_common 0000000180019d08     libucrt:log_special.obj
 0004:00000d20       $pdata$_raise_exc          0000000180019d20     libucrt:fpexcept.obj
 0004:00000d2c       $pdata$_raise_exc_ex       0000000180019d2c     libucrt:fpexcept.obj
 0004:00000d38       $pdata$_set_errno_from_matherr 0000000180019d38     libucrt:fpexcept.obj
 0004:00000d44       $pdata$_clrfp              0000000180019d44     libucrt:fpctrl.obj
 0004:00000d50       $pdata$_ctrlfp             0000000180019d50     libucrt:fpctrl.obj
 0004:00000d5c       $pdata$_set_statfp         0000000180019d5c     libucrt:fpctrl.obj
 0004:00000d68       $pdata$_statfp             0000000180019d68     libucrt:fpctrl.obj
 0004:00000d74       $pdata$_IsNonwritableInCurrentImage 0000000180019d74     LIBCMT:pesect.obj
 0004:00000d80       $pdata$__GSHandlerCheck    0000000180019d80     LIBCMT:_gshandler_.obj
 0004:00000d8c       $pdata$__GSHandlerCheckCommon 0000000180019d8c     LIBCMT:_gshandler_.obj
 0004:00000dec       $pdata$?fin$0@?0??dllmain_crt_process_attach@@YAHQEAUHINSTANCE__@@QEAX@Z@4HA 0000000180019dec     LIBCMT:dll_dllmain.obj
 0004:00000df8       $pdata$?fin$0@?0??dllmain_crt_process_detach@@YAH_N@Z@4HA 0000000180019df8     LIBCMT:dll_dllmain.obj
 0004:00000e04       $pdata$?filt$0@?0??dllmain_dispatch@@YAHQEAUHINSTANCE__@@KQEAX@Z@4HA 0000000180019e04     LIBCMT:dll_dllmain.obj
 0004:00000e10       $pdata$__scrt_is_nonwritable_in_current_image$filt$0 0000000180019e10     LIBCMT:utility.obj
 0004:00000e1c       $pdata$__DestructExceptionObject$filt$0 0000000180019e1c     libvcruntime:ehhelpers.obj
 0004:00000e28       $pdata$_query_new_handler$fin$0 0000000180019e28     libucrt:new_handler.obj
 0004:00000e34       $pdata$?fin$0@?0???$?RV<lambda_7777bce6b2f8c936911f934f8298dc43>@@AEAV<lambda_f03950bc5685219e0bcd2087efbe011e>@@V<lambda_3883c3dff614d5e0c5f61bb1ac94921c>@@@?$__crt_seh_guarded_call@H@@QEAAH$$QEAV<lambda_7777bce6b2f8c936911f934f8298dc43>@@AEAV<lambda_f03950bc5685219e0bcd2087efbe011e>@@$$QEAV<lambda_3883c3dff614d5e0c5f61bb1ac94921c>@@@Z@4HA 0000000180019e34     libucrt:onexit.obj
 0004:00000e34       $pdata$?fin$0@?0???$?RV<lambda_f2e299630e499de9f9a165e60fcd3db5>@@AEAV<lambda_2ae9d31cdba2644fcbeaf08da7c24588>@@V<lambda_40d01ff24d0e7b3814fdbdcee8eab3c7>@@@?$__crt_seh_guarded_call@X@@QEAAX$$QEAV<lambda_f2e299630e499de9f9a165e60fcd3db5>@@AEAV<lambda_2ae9d31cdba2644fcbeaf08da7c24588>@@$$QEAV<lambda_40d01ff24d0e7b3814fdbdcee8eab3c7>@@@Z@4HA 0000000180019e34     libucrt:per_thread_data.obj
 0004:00000e34       $pdata$?fin$0@?0???$?RV<lambda_0ae27a3a962d80f24befdcbee591983d>@@AEAV<lambda_8d0ee55de4b1038c4002e0adecdf1839>@@V<lambda_dc504788e8f1664fe9b84e20bfb512f2>@@@?$__crt_seh_guarded_call@X@@QEAAX$$QEAV<lambda_0ae27a3a962d80f24befdcbee591983d>@@AEAV<lambda_8d0ee55de4b1038c4002e0adecdf1839>@@$$QEAV<lambda_dc504788e8f1664fe9b84e20bfb512f2>@@@Z@4HA 0000000180019e34     libucrt:per_thread_data.obj
 0004:00000e34       $pdata$?fin$0@?0???$?RV<lambda_efdfa57d1f175319df784efa44bb7b81>@@AEAV<lambda_5f0a4c1567f8adc6734073e5d1e1b35c>@@V<lambda_2e8a7d3640ea6ccb4c2413664c2db6fd>@@@?$__crt_seh_guarded_call@X@@QEAAX$$QEAV<lambda_efdfa57d1f175319df784efa44bb7b81>@@AEAV<lambda_5f0a4c1567f8adc6734073e5d1e1b35c>@@$$QEAV<lambda_2e8a7d3640ea6ccb4c2413664c2db6fd>@@@Z@4HA 0000000180019e34     libucrt:mbctype.obj
 0004:00000e34       $pdata$?fin$0@?0???$?RV<lambda_2d41944a1d46af3157314b8a01080d33>@@AEAV<lambda_8f455de75cd7d7f24b4096f044d8b9e6>@@V<lambda_aa500f224e6afead328df44964fe2772>@@@?$__crt_seh_guarded_call@X@@QEAAX$$QEAV<lambda_2d41944a1d46af3157314b8a01080d33>@@AEAV<lambda_8f455de75cd7d7f24b4096f044d8b9e6>@@$$QEAV<lambda_aa500f224e6afead328df44964fe2772>@@@Z@4HA 0000000180019e34     libucrt:per_thread_data.obj
 0004:00000e34       $pdata$?fin$0@?0???$?RV<lambda_aa87e3671a710a21b5dc78c0bdf72e11>@@AEAV<lambda_92619d2358a28f41a33ba319515a20b9>@@V<lambda_6992ecaafeb10aed2b74cb1fae11a551>@@@?$__crt_seh_guarded_call@X@@QEAAX$$QEAV<lambda_aa87e3671a710a21b5dc78c0bdf72e11>@@AEAV<lambda_92619d2358a28f41a33ba319515a20b9>@@$$QEAV<lambda_6992ecaafeb10aed2b74cb1fae11a551>@@@Z@4HA 0000000180019e34     libucrt:per_thread_data.obj
 0004:00000e34       $pdata$?fin$0@?0???$?RV<lambda_450d765d439847d4c735a33c368b5fc0>@@AEAV<lambda_44731a7d0e6d81c3e6aa82d741081786>@@V<lambda_601a2a7da3b7a96e9554ac7215c4b07c>@@@?$__crt_seh_guarded_call@P6AXH@Z@@QEAAP6AXH@Z$$QEAV<lambda_450d765d439847d4c735a33c368b5fc0>@@AEAV<lambda_44731a7d0e6d81c3e6aa82d741081786>@@$$QEAV<lambda_601a2a7da3b7a96e9554ac7215c4b07c>@@@Z@4HA 0000000180019e34     libucrt:signal.obj
 0004:00000e34       $pdata$?fin$0@?0???$?RV<lambda_d80eeec6fff315bfe5c115232f3240e3>@@AEAV<lambda_6e4b09c48022b2350581041d5f6b0c4c>@@V<lambda_2358e3775559c9db80273638284d5e45>@@@?$__crt_seh_guarded_call@X@@QEAAX$$QEAV<lambda_d80eeec6fff315bfe5c115232f3240e3>@@AEAV<lambda_6e4b09c48022b2350581041d5f6b0c4c>@@$$QEAV<lambda_2358e3775559c9db80273638284d5e45>@@@Z@4HA 0000000180019e34     libucrt:exit.obj
 0004:00000e40       $pdata$?filt$0@?0???R<lambda_6e4b09c48022b2350581041d5f6b0c4c>@@QEBA@XZ@4HA 0000000180019e40     libucrt:exit.obj
 0004:00000e4c       $pdata$?fin$0@?0???$?RV<lambda_410d79af7f07d98d83a3f525b3859a53>@@AEAV<lambda_3e16ef9562a7dcce91392c22ab16ea36>@@V<lambda_38119f0e861e05405d8a144b9b982f0a>@@@?$__crt_seh_guarded_call@X@@QEAAX$$QEAV<lambda_410d79af7f07d98d83a3f525b3859a53>@@AEAV<lambda_3e16ef9562a7dcce91392c22ab16ea36>@@$$QEAV<lambda_38119f0e861e05405d8a144b9b982f0a>@@@Z@4HA 0000000180019e4c     libucrt:wsetlocale.obj
 0004:00000e58       $pdata$?fin$0@?0??update_thread_multibyte_data_internal@@YAPEAU__crt_multibyte_data@@QEAU__acrt_ptd@@QEAPEAU1@@Z@4HA 0000000180019e58     libucrt:mbctype.obj
 0004:00000e64       $pdata$__acrt_initialize_lowio$fin$0 0000000180019e64     libucrt:ioinit.obj
 0004:00000e64       $pdata$__acrt_lowio_ensure_fh_exists$fin$0 0000000180019e64     libucrt:osfinfo.obj
 0004:00000e70       $pdata$raise$fin$0         0000000180019e70     libucrt:signal.obj
 0004:00000e7c       $pdata$?fin$0@?0???$?RV<lambda_842d9ff0dc9ef11c61343bbaebe7f885>@@AEAV<lambda_c5860995281e5c4ce005b3de8f5874ee>@@V<lambda_d90129c13df834fdcbf8d2b88dafcf2d>@@@?$__crt_seh_guarded_call@X@@QEAAX$$QEAV<lambda_842d9ff0dc9ef11c61343bbaebe7f885>@@AEAV<lambda_c5860995281e5c4ce005b3de8f5874ee>@@$$QEAV<lambda_d90129c13df834fdcbf8d2b88dafcf2d>@@@Z@4HA 0000000180019e7c     libucrt:fflush.obj
 0004:00000e88       $pdata$?fin$0@?0???$?RV<lambda_886d6c58226a84441f68b9f2b8217b83>@@AEAV<lambda_ab61a845afdef5b7c387490eaf3616ee>@@V<lambda_f7f22ab5edc0698d5f6905b0d3f44752>@@@?$__crt_seh_guarded_call@X@@QEAAX$$QEAV<lambda_886d6c58226a84441f68b9f2b8217b83>@@AEAV<lambda_ab61a845afdef5b7c387490eaf3616ee>@@$$QEAV<lambda_f7f22ab5edc0698d5f6905b0d3f44752>@@@Z@4HA 0000000180019e88     libucrt:fflush.obj
 0004:00000e94       $pdata$__acrt_update_thread_locale_data$fin$0 0000000180019e94     libucrt:locale_refcounting.obj
 0004:00000ea0       $pdata$?fin$0@?0???$?RV<lambda_751a882b2c74d4b022dec766aa51a29a>@@AEAV<lambda_628dfdc04ba53c8bfc02c9951375f3f5>@@V<lambda_f6c7be5f7998530c34de24c7437d6b54>@@@?$__crt_seh_guarded_call@H@@QEAAH$$QEAV<lambda_751a882b2c74d4b022dec766aa51a29a>@@AEAV<lambda_628dfdc04ba53c8bfc02c9951375f3f5>@@$$QEAV<lambda_f6c7be5f7998530c34de24c7437d6b54>@@@Z@4HA 0000000180019ea0     libucrt:close.obj
 0004:00000ea0       $pdata$?fin$0@?0???$?RV<lambda_a37b2b86f63e897a80ea819b0eb08c01>@@AEAV<lambda_38ce7e780aa69e748d6df282ebc68efe>@@V<lambda_99fb1378e971ab6e7edea83e3a7a83a2>@@@?$__crt_seh_guarded_call@H@@QEAAH$$QEAV<lambda_a37b2b86f63e897a80ea819b0eb08c01>@@AEAV<lambda_38ce7e780aa69e748d6df282ebc68efe>@@$$QEAV<lambda_99fb1378e971ab6e7edea83e3a7a83a2>@@@Z@4HA 0000000180019ea0     libucrt:commit.obj
 0004:00000eac       $pdata$_write$fin$0        0000000180019eac     libucrt:write.obj
 0004:00000eb8       $pdata$_fcloseall$fin$0    0000000180019eb8     libucrt:closeall.obj
 0004:00000ec4       $pdata$fclose$fin$0        0000000180019ec4     libucrt:fclose.obj
 0004:00000ed0       $pdata$_ctrlfp$filt$0      0000000180019ed0     libucrt:fpctrl.obj
 0004:00000edc       $pdata$_IsNonwritableInCurrentImage$filt$0 0000000180019edc     LIBCMT:pesect.obj
 0005:00000060       $R000000                   000000018001a060     * linker generated manifest res *

 Exports

  ordinal    name

        1    _register_addon_
